--------- beginning of main
03-11 15:01:15.601  1182  1182 D b/417220811: invalidateLoadedTasks - previous requestLoadId: -1
03-11 15:01:15.615  1182  1182 D LauncherStateManager: StateManager.createAtomicAnimation: fromState: Normal, toState: Normal, partial trace:
03-11 15:01:15.615  1182  1182 D LauncherStateManager: 	at com.android.quickstep.util.ScalingWorkspaceRevealAnim.<init>(go/retraceme f3a19d912c87c27267cfbc05ba0bc7b202ab72a6648bd76225f5f7e128d94583:54)
03-11 15:01:15.615  1182  1182 D LauncherStateManager: 	at com.android.launcher3.QuickstepTransitionManager.createWallpaperOpenAnimations(go/retraceme f3a19d912c87c27267cfbc05ba0bc7b202ab72a6648bd76225f5f7e128d94583:537)
03-11 15:01:15.615  1182  1182 D LauncherStateManager: 	at com.android.launcher3.QuickstepTransitionManager$WallpaperOpenLauncherAnimationRunner.onAnimationStart(go/retraceme f3a19d912c87c27267cfbc05ba0bc7b202ab72a6648bd76225f5f7e128d94583:96)
03-11 15:01:15.615  1182  1182 D AllAppsTransitionController: shouldProtectHeader: false skipScrim: true state: Normal stateManager.getState(): Normal
03-11 15:01:15.616  1182  1182 D KeyboardInsetsHandler: removePendingImeController: pendingImeController=null
03-11 15:01:15.616  1182  1182 V BaseDepthController: Applying blur: 0 to Surface(name=com.google.android.apps.nexuslauncher/com.google.android.apps.nexuslauncher.NexusLauncherActivity#570)/@0x16d37a7 applyImmediately: false
03-11 15:01:15.616  1182  1182 D BaseDepthController: shouldBlurWorkspace: false targetState: Normal currentStableState: Normal mCurrentBlur: 0 mLauncher.getDepthBlurTargets(): [com.android.launcher3.Workspace{2ade13e V.ED..... ......ID 0,0-1080,2400 #7f0a049d app:id/workspace}, com.android.launcher3.Hotseat{29dfb9f V.ED..... ........ 0,1905-1080,2400 #7f0a01ee app:id/hotseat}]
03-11 15:01:15.616  1182  1182 V BaseDepthController: Applying blur: 0 to Surface(name=com.google.android.apps.nexuslauncher/com.google.android.apps.nexuslauncher.NexusLauncherActivity#570)/@0x16d37a7 applyImmediately: false
03-11 15:01:15.616  1182  1182 D BaseDepthController: shouldBlurWorkspace: false targetState: Normal currentStableState: Normal mCurrentBlur: 0 mLauncher.getDepthBlurTargets(): [com.android.launcher3.Workspace{2ade13e V.ED..... ......ID 0,0-1080,2400 #7f0a049d app:id/workspace}, com.android.launcher3.Hotseat{29dfb9f V.ED..... ........ 0,1905-1080,2400 #7f0a01ee app:id/hotseat}]
03-11 15:01:15.616  1182  1182 D LauncherStateManager: StateManager.cancelAnimation: animation ongoing: false, partial trace:
03-11 15:01:15.616  1182  1182 D LauncherStateManager: 	at com.android.launcher3.statemanager.StateManager.setCurrentAnimation(go/retraceme f3a19d912c87c27267cfbc05ba0bc7b202ab72a6648bd76225f5f7e128d94583:18)
03-11 15:01:15.616  1182  1182 D LauncherStateManager: 	at com.android.launcher3.QuickstepTransitionManager.createWallpaperOpenAnimations(go/retraceme f3a19d912c87c27267cfbc05ba0bc7b202ab72a6648bd76225f5f7e128d94583:646)
03-11 15:01:15.616  1182  1182 D LauncherStateManager: 	at com.android.launcher3.QuickstepTransitionManager$WallpaperOpenLauncherAnimationRunner.onAnimationStart(go/retraceme f3a19d912c87c27267cfbc05ba0bc7b202ab72a6648bd76225f5f7e128d94583:96)
03-11 15:01:15.616  1182  1182 D b/311077782: LauncherAnimationRunner.setAnimation
03-11 15:01:15.616  1182  1182 V BaseDepthController: Applying blur: 0 to Surface(name=com.google.android.apps.nexuslauncher/com.google.android.apps.nexuslauncher.NexusLauncherActivity#570)/@0x16d37a7 applyImmediately: false
03-11 15:01:15.617  1182  1182 D BaseDepthController: shouldBlurWorkspace: false targetState: Normal currentStableState: Normal mCurrentBlur: 0 mLauncher.getDepthBlurTargets(): [com.android.launcher3.Workspace{2ade13e V.ED..... ......ID 0,0-1080,2400 #7f0a049d app:id/workspace}, com.android.launcher3.Hotseat{29dfb9f V.ED..... ......ID 0,1905-1080,2400 #7f0a01ee app:id/hotseat}]
03-11 15:01:15.617  1182  1182 V BaseDepthController: Applying blur: 0 to Surface(name=com.google.android.apps.nexuslauncher/com.google.android.apps.nexuslauncher.NexusLauncherActivity#570)/@0x16d37a7 applyImmediately: false
03-11 15:01:15.617  1182  1182 D BaseDepthController: shouldBlurWorkspace: false targetState: Normal currentStableState: Normal mCurrentBlur: 0 mLauncher.getDepthBlurTargets(): [com.android.launcher3.Workspace{2ade13e V.ED..... ......ID 0,0-1080,2400 #7f0a049d app:id/workspace}, com.android.launcher3.Hotseat{29dfb9f V.ED..... ......ID 0,1905-1080,2400 #7f0a01ee app:id/hotseat}]
03-11 15:01:15.617  1182  1182 V BaseDepthController: Applying blur: 0 to Surface(name=com.google.android.apps.nexuslauncher/com.google.android.apps.nexuslauncher.NexusLauncherActivity#570)/@0x16d37a7 applyImmediately: false
03-11 15:01:15.617  1182  1182 D BaseDepthController: shouldBlurWorkspace: false targetState: Normal currentStableState: Normal mCurrentBlur: 0 mLauncher.getDepthBlurTargets(): [com.android.launcher3.Workspace{2ade13e V.ED..... ......ID 0,0-1080,2400 #7f0a049d app:id/workspace}, com.android.launcher3.Hotseat{29dfb9f V.ED..... ......ID 0,1905-1080,2400 #7f0a01ee app:id/hotseat}]
03-11 15:01:15.618  1182  1182 V BaseDepthController: Applying blur: 0 to Surface(name=com.google.android.apps.nexuslauncher/com.google.android.apps.nexuslauncher.NexusLauncherActivity#570)/@0x16d37a7 applyImmediately: false
03-11 15:01:15.618  1182  1182 D BaseDepthController: shouldBlurWorkspace: false targetState: Normal currentStableState: Normal mCurrentBlur: 0 mLauncher.getDepthBlurTargets(): [com.android.launcher3.Workspace{2ade13e V.ED..... ......ID 0,0-1080,2400 #7f0a049d app:id/workspace}, com.android.launcher3.Hotseat{29dfb9f V.ED..... ......ID 0,1905-1080,2400 #7f0a01ee app:id/hotseat}]
03-11 15:01:15.618  1182  1182 V BaseDepthController: Applying blur: 0 to Surface(name=com.google.android.apps.nexuslauncher/com.google.android.apps.nexuslauncher.NexusLauncherActivity#570)/@0x16d37a7 applyImmediately: false
03-11 15:01:15.618  1182  1182 D BaseDepthController: shouldBlurWorkspace: false targetState: Normal currentStableState: Normal mCurrentBlur: 0 mLauncher.getDepthBlurTargets(): [com.android.launcher3.Workspace{2ade13e V.ED..... ......ID 0,0-1080,2400 #7f0a049d app:id/workspace}, com.android.launcher3.Hotseat{29dfb9f V.ED..... ......ID 0,1905-1080,2400 #7f0a01ee app:id/hotseat}]
03-11 15:01:15.619  1182  1182 D SsBaseTemplateCard: Passed-in item info is null
03-11 15:01:15.619  1182  1182 D SsBaseTemplateCard: Passed-in item info is null
03-11 15:01:15.619  1182  1182 D SsBaseTemplateCard: Passed-in item info is null
03-11 15:01:15.619  1182  1182 D SsBaseTemplateCard: Passed-in item info is null
03-11 15:01:15.619  1182  1182 I SsBaseTemplateCard: Secondary card pane is null
03-11 15:01:15.635  1182  1182 V BaseDepthController: Applying blur: 0 to Surface(name=com.google.android.apps.nexuslauncher/com.google.android.apps.nexuslauncher.NexusLauncherActivity#570)/@0x16d37a7 applyImmediately: false
03-11 15:01:15.635  1182  1182 D BaseDepthController: shouldBlurWorkspace: false targetState: Normal currentStableState: Normal mCurrentBlur: 0 mLauncher.getDepthBlurTargets(): [com.android.launcher3.Workspace{2ade13e V.ED..... ........ 0,0-1080,2400 #7f0a049d app:id/workspace}, com.android.launcher3.Hotseat{29dfb9f V.ED..... .......D 0,1905-1080,2400 #7f0a01ee app:id/hotseat}]
--------- beginning of system
03-11 15:01:15.636   788   809 V WindowManager: Sent Transition (#56) createdAt=03-11 15:01:15.495 via request=TransitionRequestInfo { type = CLOSE, triggerTask = TaskInfo{userId=0 taskId=18 effectiveUid=10227 displayId=0 isRunning=false baseIntent=Intent { act=android.intent.action.MAIN cat=[android.intent.category.LAUNCHER] flg=0x10200000 cmp=com.antigravity.frota2026/.MainActivity } baseActivity=null topActivity=null origActivity=null realActivity=ComponentInfo{com.antigravity.frota2026/com.antigravity.frota2026.MainActivity} numActivities=0 lastActiveTime=4449524 supportsMultiWindow=true resizeMode=1 isResizeable=true minWidth=-1 minHeight=-1 defaultMinSize=220 token=WCT{RemoteToken{67f4340 Task{b35a336 #18 type=standard A=10227:com.antigravity.frota2026}}} topActivityType=1 pictureInPictureParams=null shouldDockBigOverlays=false launchIntoPipHostTaskId=-1 lastParentTaskIdBeforePip=-1 displayCutoutSafeInsets=Rect(0, 0 - 0, 0) topActivityInfo=null launchCookies=[android.os.BinderProxy@b032bbe] positionInParent=Point(0, 0) parentTaskId=-1 isFocused=true isVisible=true isVisibleRequested=true isTopActivityNoDisplay=false isSleeping=false locusId=null displayAreaFeatureId=1 isTopActivityTransparent=false isActivityStackTransparent=true lastNonFullscreenBounds=null capturedLink=null capturedLinkTimestamp=0 requestedVisibleTypes=503 topActivityRequestOpenInBrowserEducationTimestamp=0 appCompatTaskInfo=AppCompatTaskInfo { topActivityInSizeCompat=false isLeafTask= true eligibleForLetterboxEducation= false isLetterboxEducationEnabled= false isLetterboxDoubleTapEnabled= false eligibleForUserAspectRatioButton= false topActivityBoundsLetterboxed= false isFromLetterboxDoubleTap= false topActivityLetterboxVerticalPosition= -1 topActivityLetterboxHorizontalPosition= -1 topActivityLetterboxWidth=-1 topActivityLetterboxHeight=-1 topActivityAppBounds=Rect(0, 0 - 0, 0) isUserFullscreenOverrideEnabled=false isSystemFullscreenOverrideEnabled=false hasMinAspectRatioOverride=false topActivityLetterboxBounds=null cameraCompatTaskInfo=CameraCompatTaskInfo { cameraCompatMode=undefinedundefined} topNonResizableActivityAspectRatio=-1.0} topActivityMainWindowFrame=null isAppBubble=false}, pipChange = null, remoteTransition = null, displayChange = null, requestedLocation = null, userChange = null, windowingLayerChange = null, flags = 0, debugId = 56 }
03-11 15:01:15.636   788   809 V WindowManager:     startWCT=WindowContainerTransaction { changes= {} hops= [] errorCallbackToken=null taskFragmentOrganizer=null }
03-11 15:01:15.636  1040  1116 V WindowManagerShell:  animated by com.android.wm.shell.transition.RemoteTransitionHandler@cb91caf
03-11 15:01:15.636   788   809 V WindowManager:     info={id=56 t=CLOSE f=0x0 trk=0 r=[0@Point(0, 0)] c=[
03-11 15:01:15.636   788   809 V WindowManager:         {WCT{RemoteToken{ace9f92 Task{82c78b5 #1 type=home}}} m=TO_FRONT f=SHOW_WALLPAPER|MOVE_TO_TOP leash=Surface(name=Task=1#42)/@0x3cf67e1 sb=Rect(0, 0 - 1080, 2400) eb=Rect(0, 0 - 1080, 2400) epz=Point(1080, 2400) d=0 taskParent=-1 winMode=1 userId=0},
03-11 15:01:15.636   788   809 V WindowManager:         {WCT{RemoteToken{67f4340 Task{b35a336 #18 type=standard A=10227:com.antigravity.frota2026}}} m=CLOSE f=NONE leash=Surface(name=Task=18#548)/@0xf35da72 sb=Rect(0, 0 - 1080, 2400) eb=Rect(0, 0 - 1080, 2400) epz=Point(1080, 2400) d=0 taskParent=-1 winMode=1 userId=0},
03-11 15:01:15.636   788   809 V WindowManager:         {m=TO_FRONT f=IS_WALLPAPER leash=Surface(name=WallpaperWindowToken{a294896}#58)/@0x1402d48 sb=Rect(0, 0 - 1080, 2400) eb=Rect(0, 0 - 1080, 2400) epz=Point(1080, 2400) d=0}
03-11 15:01:15.636   788   809 V WindowManager:     ]}
03-11 15:01:15.637  1182  1182 D BaseActivity: Launcher flags updated: [state_started|state_resumed|state_deferred_resumed|state_window_focused|state_user_active] +[state_window_focused]
03-11 15:01:15.642  1040  1116 D Bubbles : onLocusVisibilityChanged=Overview|DISABLED visible=true taskId=1
03-11 15:01:15.642   788   907 I ImeTracker: com.google.android.apps.nexuslauncher:617c6dbd: onRequestHide at ORIGIN_SERVER reason HIDE_UNSPECIFIED_WINDOW fromUser false
03-11 15:01:15.642  1182  1182 D InsetsController: hide(ime())
03-11 15:01:15.643  1182  1182 I ImeTracker: com.google.android.apps.nexuslauncher:617c6dbd: onCancelled at PHASE_CLIENT_ALREADY_HIDDEN
03-11 15:01:15.644  1519  1519 I GoogleInputMethodService: GoogleInputMethodService.onFinishInput():2057 
03-11 15:01:15.645  1519  1519 I Module  : DeviceLockedStatusModuleProvider$Module.updateDeviceLockedStatus():100 repeatCheckTimes = 0, locked = false
03-11 15:01:15.646   788  2020 I ImeTracker: system_server:df091448: onRequestHide at ORIGIN_SERVER reason IME_REQUESTED_CHANGED_LISTENER fromUser false
03-11 15:01:15.647  1519  1519 I GoogleInputMethodService: GoogleInputMethodService.onStartInput():1318 onStartInput(EditorInfo{EditorInfo{packageName=com.google.android.apps.nexuslauncher, inputType=0, inputTypeString=NULL, enableLearning=false, autoCorrection=false, autoComplete=false, imeOptions=0, privateImeOptions=null, actionName=UNSPECIFIED, actionLabel=null, initialSelStart=-1, initialSelEnd=-1, initialCapsMode=0, label=null, fieldId=0, fieldName=null, extras=null, hintText=null, hintLocales=[]}}, false)
03-11 15:01:15.648   788   812 I ImeTracker: system_server:df091448: onCancelled at PHASE_SERVER_SHOULD_HIDE
03-11 15:01:15.649  1519  1519 I Module  : DeviceLockedStatusModuleProvider$Module.updateDeviceLockedStatus():100 repeatCheckTimes = 1, locked = false
03-11 15:01:15.651  1182  1182 V BaseDepthController: Applying blur: 0 to Surface(name=com.google.android.apps.nexuslauncher/com.google.android.apps.nexuslauncher.NexusLauncherActivity#570)/@0x16d37a7 applyImmediately: false
03-11 15:01:15.651  1182  1182 D BaseDepthController: shouldBlurWorkspace: false targetState: Normal currentStableState: Normal mCurrentBlur: 0 mLauncher.getDepthBlurTargets(): [com.android.launcher3.Workspace{2ade13e V.ED..... ........ 0,0-1080,2400 #7f0a049d app:id/workspace}, com.android.launcher3.Hotseat{29dfb9f V.ED..... .......D 0,1905-1080,2400 #7f0a01ee app:id/hotseat}]
03-11 15:01:15.652   788  1755 W PackageConfigPersister: App-specific configuration not found for packageName: com.google.android.apps.nexuslauncher and userId: 0
03-11 15:01:15.658  2474  7533 I BugleDataModel: ExecuteActionRunnable: running action CountryCodeDetectorAction
03-11 15:01:15.659  2474  2861 I BugleDataModel: ActionExecutorImpl: ACTION_EXECUTE_QUEUED_CountryCodeDetectorAction
03-11 15:01:15.660  2474  7533 I BugleDataModel: ActionExecutorImpl: ACTION_BACKGROUND_QUEUED_CountryCodeDetectorAction
03-11 15:01:15.668   598   634 I RanchuHwc: logCompositionFallbackIfChanged: layer 81 CompositionType fallback from 2 to 1
03-11 15:01:15.668   598   634 I RanchuHwc: logCompositionFallbackIfChanged: layer 82 CompositionType fallback from 2 to 1
03-11 15:01:15.668  2474  7534 I Bugle   : CountryCodeDetector: updateSmsNetworkCountry from default subscription network country. detected country: us
03-11 15:01:15.669  2474  7534 I BugleDataModel: ActionExecutorImpl: ACTION_RESPONSE_QUEUED_CountryCodeDetectorAction
03-11 15:01:15.685  1182  1182 V BaseDepthController: Applying blur: 0 to Surface(name=com.google.android.apps.nexuslauncher/com.google.android.apps.nexuslauncher.NexusLauncherActivity#570)/@0x16d37a7 applyImmediately: false
03-11 15:01:15.686  1182  1182 D BaseDepthController: shouldBlurWorkspace: false targetState: Normal currentStableState: Normal mCurrentBlur: 0 mLauncher.getDepthBlurTargets(): [com.android.launcher3.Workspace{2ade13e V.ED..... ........ 0,0-1080,2400 #7f0a049d app:id/workspace}, com.android.launcher3.Hotseat{29dfb9f V.ED..... .......D 0,1905-1080,2400 #7f0a01ee app:id/hotseat}]
03-11 15:01:15.689  2474  2585 I ForwardSyncCache: reclaimMemory: Clearing caches
03-11 15:01:15.692  2474  2585 W Bugle   : TextClassifierLibManagerImpl: Reclaiming memory at level: 40
03-11 15:01:15.702  1182  1182 V BaseDepthController: Applying blur: 0 to Surface(name=com.google.android.apps.nexuslauncher/com.google.android.apps.nexuslauncher.NexusLauncherActivity#570)/@0x16d37a7 applyImmediately: false
03-11 15:01:15.702  1182  1182 D BaseDepthController: shouldBlurWorkspace: false targetState: Normal currentStableState: Normal mCurrentBlur: 0 mLauncher.getDepthBlurTargets(): [com.android.launcher3.Workspace{2ade13e V.ED..... ........ 0,0-1080,2400 #7f0a049d app:id/workspace}, com.android.launcher3.Hotseat{29dfb9f V.ED..... ........ 0,1905-1080,2400 #7f0a01ee app:id/hotseat}]
03-11 15:01:15.717  1182  1182 V BaseDepthController: Applying blur: 0 to Surface(name=com.google.android.apps.nexuslauncher/com.google.android.apps.nexuslauncher.NexusLauncherActivity#570)/@0x16d37a7 applyImmediately: false
03-11 15:01:15.717  1182  1182 D BaseDepthController: shouldBlurWorkspace: false targetState: Normal currentStableState: Normal mCurrentBlur: 0 mLauncher.getDepthBlurTargets(): [com.android.launcher3.Workspace{2ade13e V.ED..... ........ 0,0-1080,2400 #7f0a049d app:id/workspace}, com.android.launcher3.Hotseat{29dfb9f V.ED..... ........ 0,1905-1080,2400 #7f0a01ee app:id/hotseat}]
03-11 15:01:15.734  1182  1182 V BaseDepthController: Applying blur: 0 to Surface(name=com.google.android.apps.nexuslauncher/com.google.android.apps.nexuslauncher.NexusLauncherActivity#570)/@0x16d37a7 applyImmediately: false
03-11 15:01:15.734  1182  1182 D BaseDepthController: shouldBlurWorkspace: false targetState: Normal currentStableState: Normal mCurrentBlur: 0 mLauncher.getDepthBlurTargets(): [com.android.launcher3.Workspace{2ade13e V.ED..... ........ 0,0-1080,2400 #7f0a049d app:id/workspace}, com.android.launcher3.Hotseat{29dfb9f V.ED..... ........ 0,1905-1080,2400 #7f0a01ee app:id/hotseat}]
03-11 15:01:15.752  1182  1182 V BaseDepthController: Applying blur: 0 to Surface(name=com.google.android.apps.nexuslauncher/com.google.android.apps.nexuslauncher.NexusLauncherActivity#570)/@0x16d37a7 applyImmediately: false
03-11 15:01:15.752  1182  1182 D BaseDepthController: shouldBlurWorkspace: false targetState: Normal currentStableState: Normal mCurrentBlur: 0 mLauncher.getDepthBlurTargets(): [com.android.launcher3.Workspace{2ade13e V.ED..... ........ 0,0-1080,2400 #7f0a049d app:id/workspace}, com.android.launcher3.Hotseat{29dfb9f V.ED..... ........ 0,1905-1080,2400 #7f0a01ee app:id/hotseat}]
03-11 15:01:15.768  1182  1182 V BaseDepthController: Applying blur: 0 to Surface(name=com.google.android.apps.nexuslauncher/com.google.android.apps.nexuslauncher.NexusLauncherActivity#570)/@0x16d37a7 applyImmediately: false
03-11 15:01:15.769  1182  1182 D BaseDepthController: shouldBlurWorkspace: false targetState: Normal currentStableState: Normal mCurrentBlur: 0 mLauncher.getDepthBlurTargets(): [com.android.launcher3.Workspace{2ade13e V.ED..... ........ 0,0-1080,2400 #7f0a049d app:id/workspace}, com.android.launcher3.Hotseat{29dfb9f V.ED..... ........ 0,1905-1080,2400 #7f0a01ee app:id/hotseat}]
03-11 15:01:15.784  1182  1182 V BaseDepthController: Applying blur: 0 to Surface(name=com.google.android.apps.nexuslauncher/com.google.android.apps.nexuslauncher.NexusLauncherActivity#570)/@0x16d37a7 applyImmediately: false
03-11 15:01:15.784  1182  1182 D BaseDepthController: shouldBlurWorkspace: false targetState: Normal currentStableState: Normal mCurrentBlur: 0 mLauncher.getDepthBlurTargets(): [com.android.launcher3.Workspace{2ade13e V.ED..... ........ 0,0-1080,2400 #7f0a049d app:id/workspace}, com.android.launcher3.Hotseat{29dfb9f V.ED..... ........ 0,1905-1080,2400 #7f0a01ee app:id/hotseat}]
03-11 15:01:15.801  1182  1182 V BaseDepthController: Applying blur: 0 to Surface(name=com.google.android.apps.nexuslauncher/com.google.android.apps.nexuslauncher.NexusLauncherActivity#570)/@0x16d37a7 applyImmediately: false
03-11 15:01:15.801  1182  1182 D BaseDepthController: setEarlyWakeup: true
03-11 15:01:15.801  1182  1182 D BaseDepthController: shouldBlurWorkspace: false targetState: Normal currentStableState: Normal mCurrentBlur: 0 mLauncher.getDepthBlurTargets(): [com.android.launcher3.Workspace{2ade13e V.ED..... ........ 0,0-1080,2400 #7f0a049d app:id/workspace}, com.android.launcher3.Hotseat{29dfb9f V.ED..... ........ 0,1905-1080,2400 #7f0a01ee app:id/hotseat}]
03-11 15:01:15.817  1182  1182 V BaseDepthController: Applying blur: 0 to Surface(name=com.google.android.apps.nexuslauncher/com.google.android.apps.nexuslauncher.NexusLauncherActivity#570)/@0x16d37a7 applyImmediately: false
03-11 15:01:15.818  1182  1182 D BaseDepthController: shouldBlurWorkspace: false targetState: Normal currentStableState: Normal mCurrentBlur: 0 mLauncher.getDepthBlurTargets(): [com.android.launcher3.Workspace{2ade13e V.ED..... ........ 0,0-1080,2400 #7f0a049d app:id/workspace}, com.android.launcher3.Hotseat{29dfb9f V.ED..... ........ 0,1905-1080,2400 #7f0a01ee app:id/hotseat}]
03-11 15:01:15.834  1182  1182 V BaseDepthController: Applying blur: 0 to Surface(name=com.google.android.apps.nexuslauncher/com.google.android.apps.nexuslauncher.NexusLauncherActivity#570)/@0x16d37a7 applyImmediately: false
03-11 15:01:15.834  1182  1182 D BaseDepthController: shouldBlurWorkspace: false targetState: Normal currentStableState: Normal mCurrentBlur: 0 mLauncher.getDepthBlurTargets(): [com.android.launcher3.Workspace{2ade13e V.ED..... ........ 0,0-1080,2400 #7f0a049d app:id/workspace}, com.android.launcher3.Hotseat{29dfb9f V.ED..... ........ 0,1905-1080,2400 #7f0a01ee app:id/hotseat}]
03-11 15:01:15.850  1182  1182 V BaseDepthController: Applying blur: 0 to Surface(name=com.google.android.apps.nexuslauncher/com.google.android.apps.nexuslauncher.NexusLauncherActivity#570)/@0x16d37a7 applyImmediately: false
03-11 15:01:15.850  1182  1182 D BaseDepthController: shouldBlurWorkspace: false targetState: Normal currentStableState: Normal mCurrentBlur: 0 mLauncher.getDepthBlurTargets(): [com.android.launcher3.Workspace{2ade13e V.ED..... ........ 0,0-1080,2400 #7f0a049d app:id/workspace}, com.android.launcher3.Hotseat{29dfb9f V.ED..... ........ 0,1905-1080,2400 #7f0a01ee app:id/hotseat}]
03-11 15:01:15.868  1182  1182 V BaseDepthController: Applying blur: 0 to Surface(name=com.google.android.apps.nexuslauncher/com.google.android.apps.nexuslauncher.NexusLauncherActivity#570)/@0x16d37a7 applyImmediately: false
03-11 15:01:15.868  1182  1182 D BaseDepthController: shouldBlurWorkspace: false targetState: Normal currentStableState: Normal mCurrentBlur: 0 mLauncher.getDepthBlurTargets(): [com.android.launcher3.Workspace{2ade13e V.ED..... ........ 0,0-1080,2400 #7f0a049d app:id/workspace}, com.android.launcher3.Hotseat{29dfb9f V.ED..... ........ 0,1905-1080,2400 #7f0a01ee app:id/hotseat}]
03-11 15:01:15.884  1182  1182 V BaseDepthController: Applying blur: 0 to Surface(name=com.google.android.apps.nexuslauncher/com.google.android.apps.nexuslauncher.NexusLauncherActivity#570)/@0x16d37a7 applyImmediately: false
03-11 15:01:15.884  1182  1182 D BaseDepthController: shouldBlurWorkspace: false targetState: Normal currentStableState: Normal mCurrentBlur: 0 mLauncher.getDepthBlurTargets(): [com.android.launcher3.Workspace{2ade13e V.ED..... ........ 0,0-1080,2400 #7f0a049d app:id/workspace}, com.android.launcher3.Hotseat{29dfb9f V.ED..... ........ 0,1905-1080,2400 #7f0a01ee app:id/hotseat}]
03-11 15:01:15.902  1182  1182 V BaseDepthController: Applying blur: 0 to Surface(name=com.google.android.apps.nexuslauncher/com.google.android.apps.nexuslauncher.NexusLauncherActivity#570)/@0x16d37a7 applyImmediately: false
03-11 15:01:15.902  1182  1182 D BaseDepthController: shouldBlurWorkspace: false targetState: Normal currentStableState: Normal mCurrentBlur: 0 mLauncher.getDepthBlurTargets(): [com.android.launcher3.Workspace{2ade13e V.ED..... ........ 0,0-1080,2400 #7f0a049d app:id/workspace}, com.android.launcher3.Hotseat{29dfb9f V.ED..... ........ 0,1905-1080,2400 #7f0a01ee app:id/hotseat}]
03-11 15:01:15.917  1182  1182 V BaseDepthController: Applying blur: 0 to Surface(name=com.google.android.apps.nexuslauncher/com.google.android.apps.nexuslauncher.NexusLauncherActivity#570)/@0x16d37a7 applyImmediately: false
03-11 15:01:15.918  1182  1182 D BaseDepthController: shouldBlurWorkspace: false targetState: Normal currentStableState: Normal mCurrentBlur: 0 mLauncher.getDepthBlurTargets(): [com.android.launcher3.Workspace{2ade13e V.ED..... ........ 0,0-1080,2400 #7f0a049d app:id/workspace}, com.android.launcher3.Hotseat{29dfb9f V.ED..... ........ 0,1905-1080,2400 #7f0a01ee app:id/hotseat}]
03-11 15:01:15.934  1182  1182 V BaseDepthController: Applying blur: 0 to Surface(name=com.google.android.apps.nexuslauncher/com.google.android.apps.nexuslauncher.NexusLauncherActivity#570)/@0x16d37a7 applyImmediately: false
03-11 15:01:15.934  1182  1182 D BaseDepthController: shouldBlurWorkspace: false targetState: Normal currentStableState: Normal mCurrentBlur: 0 mLauncher.getDepthBlurTargets(): [com.android.launcher3.Workspace{2ade13e V.ED..... ........ 0,0-1080,2400 #7f0a049d app:id/workspace}, com.android.launcher3.Hotseat{29dfb9f V.ED..... ........ 0,1905-1080,2400 #7f0a01ee app:id/hotseat}]
03-11 15:01:15.951  1182  1182 V BaseDepthController: Applying blur: 0 to Surface(name=com.google.android.apps.nexuslauncher/com.google.android.apps.nexuslauncher.NexusLauncherActivity#570)/@0x16d37a7 applyImmediately: false
03-11 15:01:15.951  1182  1182 D BaseDepthController: shouldBlurWorkspace: false targetState: Normal currentStableState: Normal mCurrentBlur: 0 mLauncher.getDepthBlurTargets(): [com.android.launcher3.Workspace{2ade13e V.ED..... ........ 0,0-1080,2400 #7f0a049d app:id/workspace}, com.android.launcher3.Hotseat{29dfb9f V.ED..... ........ 0,1905-1080,2400 #7f0a01ee app:id/hotseat}]
03-11 15:01:15.968  1182  1182 V BaseDepthController: Applying blur: 0 to Surface(name=com.google.android.apps.nexuslauncher/com.google.android.apps.nexuslauncher.NexusLauncherActivity#570)/@0x16d37a7 applyImmediately: false
03-11 15:01:15.968  1182  1182 D BaseDepthController: shouldBlurWorkspace: false targetState: Normal currentStableState: Normal mCurrentBlur: 0 mLauncher.getDepthBlurTargets(): [com.android.launcher3.Workspace{2ade13e V.ED..... ........ 0,0-1080,2400 #7f0a049d app:id/workspace}, com.android.launcher3.Hotseat{29dfb9f V.ED..... ........ 0,1905-1080,2400 #7f0a01ee app:id/hotseat}]
03-11 15:01:15.984  1182  1182 V BaseDepthController: Applying blur: 0 to Surface(name=com.google.android.apps.nexuslauncher/com.google.android.apps.nexuslauncher.NexusLauncherActivity#570)/@0x16d37a7 applyImmediately: false
03-11 15:01:15.984  1182  1182 D BaseDepthController: shouldBlurWorkspace: false targetState: Normal currentStableState: Normal mCurrentBlur: 0 mLauncher.getDepthBlurTargets(): [com.android.launcher3.Workspace{2ade13e V.ED..... ........ 0,0-1080,2400 #7f0a049d app:id/workspace}, com.android.launcher3.Hotseat{29dfb9f V.ED..... ........ 0,1905-1080,2400 #7f0a01ee app:id/hotseat}]
03-11 15:01:16.001  1182  1182 V BaseDepthController: Applying blur: 0 to Surface(name=com.google.android.apps.nexuslauncher/com.google.android.apps.nexuslauncher.NexusLauncherActivity#570)/@0x16d37a7 applyImmediately: false
03-11 15:01:16.001  1182  1182 D BaseDepthController: shouldBlurWorkspace: false targetState: Normal currentStableState: Normal mCurrentBlur: 0 mLauncher.getDepthBlurTargets(): [com.android.launcher3.Workspace{2ade13e V.ED..... ........ 0,0-1080,2400 #7f0a049d app:id/workspace}, com.android.launcher3.Hotseat{29dfb9f V.ED..... ........ 0,1905-1080,2400 #7f0a01ee app:id/hotseat}]
03-11 15:01:16.018  1182  1182 V BaseDepthController: Applying blur: 0 to Surface(name=com.google.android.apps.nexuslauncher/com.google.android.apps.nexuslauncher.NexusLauncherActivity#570)/@0x16d37a7 applyImmediately: false
03-11 15:01:16.018  1182  1182 D BaseDepthController: shouldBlurWorkspace: false targetState: Normal currentStableState: Normal mCurrentBlur: 0 mLauncher.getDepthBlurTargets(): [com.android.launcher3.Workspace{2ade13e V.ED..... ........ 0,0-1080,2400 #7f0a049d app:id/workspace}, com.android.launcher3.Hotseat{29dfb9f V.ED..... ........ 0,1905-1080,2400 #7f0a01ee app:id/hotseat}]
03-11 15:01:16.035  1182  1182 V BaseDepthController: Applying blur: 0 to Surface(name=com.google.android.apps.nexuslauncher/com.google.android.apps.nexuslauncher.NexusLauncherActivity#570)/@0x16d37a7 applyImmediately: false
03-11 15:01:16.035  1182  1182 D BaseDepthController: shouldBlurWorkspace: false targetState: Normal currentStableState: Normal mCurrentBlur: 0 mLauncher.getDepthBlurTargets(): [com.android.launcher3.Workspace{2ade13e V.ED..... ........ 0,0-1080,2400 #7f0a049d app:id/workspace}, com.android.launcher3.Hotseat{29dfb9f V.ED..... ........ 0,1905-1080,2400 #7f0a01ee app:id/hotseat}]
03-11 15:01:16.051  1182  1182 V BaseDepthController: Applying blur: 0 to Surface(name=com.google.android.apps.nexuslauncher/com.google.android.apps.nexuslauncher.NexusLauncherActivity#570)/@0x16d37a7 applyImmediately: false
03-11 15:01:16.051  1182  1182 D BaseDepthController: shouldBlurWorkspace: false targetState: Normal currentStableState: Normal mCurrentBlur: 0 mLauncher.getDepthBlurTargets(): [com.android.launcher3.Workspace{2ade13e V.ED..... ........ 0,0-1080,2400 #7f0a049d app:id/workspace}, com.android.launcher3.Hotseat{29dfb9f V.ED..... ........ 0,1905-1080,2400 #7f0a01ee app:id/hotseat}]
03-11 15:01:16.067  1182  1182 V BaseDepthController: Applying blur: 0 to Surface(name=com.google.android.apps.nexuslauncher/com.google.android.apps.nexuslauncher.NexusLauncherActivity#570)/@0x16d37a7 applyImmediately: false
03-11 15:01:16.068  1182  1182 D BaseDepthController: shouldBlurWorkspace: false targetState: Normal currentStableState: Normal mCurrentBlur: 0 mLauncher.getDepthBlurTargets(): [com.android.launcher3.Workspace{2ade13e V.ED..... ........ 0,0-1080,2400 #7f0a049d app:id/workspace}, com.android.launcher3.Hotseat{29dfb9f V.ED..... ........ 0,1905-1080,2400 #7f0a01ee app:id/hotseat}]
03-11 15:01:16.084  1182  1182 V BaseDepthController: Applying blur: 0 to Surface(name=com.google.android.apps.nexuslauncher/com.google.android.apps.nexuslauncher.NexusLauncherActivity#570)/@0x16d37a7 applyImmediately: false
03-11 15:01:16.085  1182  1182 D BaseDepthController: shouldBlurWorkspace: false targetState: Normal currentStableState: Normal mCurrentBlur: 0 mLauncher.getDepthBlurTargets(): [com.android.launcher3.Workspace{2ade13e V.ED..... ........ 0,0-1080,2400 #7f0a049d app:id/workspace}, com.android.launcher3.Hotseat{29dfb9f V.ED..... ........ 0,1905-1080,2400 #7f0a01ee app:id/hotseat}]
03-11 15:01:16.101  1182  1182 V BaseDepthController: Applying blur: 0 to Surface(name=com.google.android.apps.nexuslauncher/com.google.android.apps.nexuslauncher.NexusLauncherActivity#570)/@0x16d37a7 applyImmediately: false
03-11 15:01:16.101  1182  1182 D BaseDepthController: shouldBlurWorkspace: false targetState: Normal currentStableState: Normal mCurrentBlur: 0 mLauncher.getDepthBlurTargets(): [com.android.launcher3.Workspace{2ade13e V.ED..... ........ 0,0-1080,2400 #7f0a049d app:id/workspace}, com.android.launcher3.Hotseat{29dfb9f V.ED..... ........ 0,1905-1080,2400 #7f0a01ee app:id/hotseat}]
03-11 15:01:16.117  1182  1182 V BaseDepthController: Applying blur: 0 to Surface(name=com.google.android.apps.nexuslauncher/com.google.android.apps.nexuslauncher.NexusLauncherActivity#570)/@0x16d37a7 applyImmediately: false
03-11 15:01:16.118  1182  1182 D BaseDepthController: shouldBlurWorkspace: false targetState: Normal currentStableState: Normal mCurrentBlur: 0 mLauncher.getDepthBlurTargets(): [com.android.launcher3.Workspace{2ade13e V.ED..... ........ 0,0-1080,2400 #7f0a049d app:id/workspace}, com.android.launcher3.Hotseat{29dfb9f V.ED..... ........ 0,1905-1080,2400 #7f0a01ee app:id/hotseat}]
03-11 15:01:16.134  1182  1182 V BaseDepthController: Applying blur: 0 to Surface(name=com.google.android.apps.nexuslauncher/com.google.android.apps.nexuslauncher.NexusLauncherActivity#570)/@0x16d37a7 applyImmediately: false
03-11 15:01:16.134  1182  1182 D BaseDepthController: shouldBlurWorkspace: false targetState: Normal currentStableState: Normal mCurrentBlur: 0 mLauncher.getDepthBlurTargets(): [com.android.launcher3.Workspace{2ade13e V.ED..... ........ 0,0-1080,2400 #7f0a049d app:id/workspace}, com.android.launcher3.Hotseat{29dfb9f V.ED..... ........ 0,1905-1080,2400 #7f0a01ee app:id/hotseat}]
03-11 15:01:16.151  1182  1182 V BaseDepthController: Applying blur: 0 to Surface(name=com.google.android.apps.nexuslauncher/com.google.android.apps.nexuslauncher.NexusLauncherActivity#570)/@0x16d37a7 applyImmediately: false
03-11 15:01:16.152  1182  1182 D BaseDepthController: shouldBlurWorkspace: false targetState: Normal currentStableState: Normal mCurrentBlur: 0 mLauncher.getDepthBlurTargets(): [com.android.launcher3.Workspace{2ade13e V.ED..... ........ 0,0-1080,2400 #7f0a049d app:id/workspace}, com.android.launcher3.Hotseat{29dfb9f V.ED..... ........ 0,1905-1080,2400 #7f0a01ee app:id/hotseat}]
03-11 15:01:16.167  1182  1182 V BaseDepthController: Applying blur: 0 to Surface(name=com.google.android.apps.nexuslauncher/com.google.android.apps.nexuslauncher.NexusLauncherActivity#570)/@0x16d37a7 applyImmediately: false
03-11 15:01:16.167  1182  1182 D BaseDepthController: shouldBlurWorkspace: false targetState: Normal currentStableState: Normal mCurrentBlur: 0 mLauncher.getDepthBlurTargets(): [com.android.launcher3.Workspace{2ade13e V.ED..... ........ 0,0-1080,2400 #7f0a049d app:id/workspace}, com.android.launcher3.Hotseat{29dfb9f V.ED..... ........ 0,1905-1080,2400 #7f0a01ee app:id/hotseat}]
03-11 15:01:16.184  1182  1182 V BaseDepthController: Applying blur: 0 to Surface(name=com.google.android.apps.nexuslauncher/com.google.android.apps.nexuslauncher.NexusLauncherActivity#570)/@0x16d37a7 applyImmediately: false
03-11 15:01:16.184  1182  1182 D BaseDepthController: shouldBlurWorkspace: false targetState: Normal currentStableState: Normal mCurrentBlur: 0 mLauncher.getDepthBlurTargets(): [com.android.launcher3.Workspace{2ade13e V.ED..... ........ 0,0-1080,2400 #7f0a049d app:id/workspace}, com.android.launcher3.Hotseat{29dfb9f V.ED..... ........ 0,1905-1080,2400 #7f0a01ee app:id/hotseat}]
03-11 15:01:16.201  1182  1182 V BaseDepthController: Applying blur: 0 to Surface(name=com.google.android.apps.nexuslauncher/com.google.android.apps.nexuslauncher.NexusLauncherActivity#570)/@0x16d37a7 applyImmediately: false
03-11 15:01:16.201  1182  1182 D BaseDepthController: shouldBlurWorkspace: false targetState: Normal currentStableState: Normal mCurrentBlur: 0 mLauncher.getDepthBlurTargets(): [com.android.launcher3.Workspace{2ade13e V.ED..... ........ 0,0-1080,2400 #7f0a049d app:id/workspace}, com.android.launcher3.Hotseat{29dfb9f V.ED..... ........ 0,1905-1080,2400 #7f0a01ee app:id/hotseat}]
03-11 15:01:16.218  1182  1182 V BaseDepthController: Applying blur: 0 to Surface(name=com.google.android.apps.nexuslauncher/com.google.android.apps.nexuslauncher.NexusLauncherActivity#570)/@0x16d37a7 applyImmediately: false
03-11 15:01:16.218  1182  1182 D BaseDepthController: shouldBlurWorkspace: false targetState: Normal currentStableState: Normal mCurrentBlur: 0 mLauncher.getDepthBlurTargets(): [com.android.launcher3.Workspace{2ade13e V.ED..... ........ 0,0-1080,2400 #7f0a049d app:id/workspace}, com.android.launcher3.Hotseat{29dfb9f V.ED..... ........ 0,1905-1080,2400 #7f0a01ee app:id/hotseat}]
03-11 15:01:16.251  1182  1182 V BaseDepthController: Applying blur: 0 to Surface(name=com.google.android.apps.nexuslauncher/com.google.android.apps.nexuslauncher.NexusLauncherActivity#570)/@0x16d37a7 applyImmediately: false
03-11 15:01:16.251  1182  1182 D BaseDepthController: shouldBlurWorkspace: false targetState: Normal currentStableState: Normal mCurrentBlur: 0 mLauncher.getDepthBlurTargets(): [com.android.launcher3.Workspace{2ade13e V.ED..... ........ 0,0-1080,2400 #7f0a049d app:id/workspace}, com.android.launcher3.Hotseat{29dfb9f V.ED..... ........ 0,1905-1080,2400 #7f0a01ee app:id/hotseat}]
03-11 15:01:16.254  7537  7537 W libbinder.BackendUnifiedServiceManager: Thread Pool max thread count is 0. Cannot cache binder as linkToDeath cannot be implemented. serviceName: package
03-11 15:01:16.269  1182  1182 V BaseDepthController: Applying blur: 0 to Surface(name=com.google.android.apps.nexuslauncher/com.google.android.apps.nexuslauncher.NexusLauncherActivity#570)/@0x16d37a7 applyImmediately: false
03-11 15:01:16.269  1182  1182 D BaseDepthController: shouldBlurWorkspace: false targetState: Normal currentStableState: Normal mCurrentBlur: 0 mLauncher.getDepthBlurTargets(): [com.android.launcher3.Workspace{2ade13e V.ED..... ........ 0,0-1080,2400 #7f0a049d app:id/workspace}, com.android.launcher3.Hotseat{29dfb9f V.ED..... ........ 0,1905-1080,2400 #7f0a01ee app:id/hotseat}]
03-11 15:01:16.302  1182  1182 V BaseDepthController: Applying blur: 0 to Surface(name=com.google.android.apps.nexuslauncher/com.google.android.apps.nexuslauncher.NexusLauncherActivity#570)/@0x16d37a7 applyImmediately: false
03-11 15:01:16.302  1182  1182 D BaseDepthController: shouldBlurWorkspace: false targetState: Normal currentStableState: Normal mCurrentBlur: 0 mLauncher.getDepthBlurTargets(): [com.android.launcher3.Workspace{2ade13e V.ED..... ........ 0,0-1080,2400 #7f0a049d app:id/workspace}, com.android.launcher3.Hotseat{29dfb9f V.ED..... ........ 0,1905-1080,2400 #7f0a01ee app:id/hotseat}]
03-11 15:01:16.335  1182  1182 V BaseDepthController: Applying blur: 0 to Surface(name=com.google.android.apps.nexuslauncher/com.google.android.apps.nexuslauncher.NexusLauncherActivity#570)/@0x16d37a7 applyImmediately: false
03-11 15:01:16.335  1182  1182 D BaseDepthController: shouldBlurWorkspace: false targetState: Normal currentStableState: Normal mCurrentBlur: 0 mLauncher.getDepthBlurTargets(): [com.android.launcher3.Workspace{2ade13e V.ED..... ........ 0,0-1080,2400 #7f0a049d app:id/workspace}, com.android.launcher3.Hotseat{29dfb9f V.ED..... ........ 0,1905-1080,2400 #7f0a01ee app:id/hotseat}]
03-11 15:01:16.359  3210  3210 I artd    : GetBestInfo: odex next to the dex file (/data/app/~~CVlLntFASa4RjsRuGqUNbQ==/com.google.android.gms-8XzGZCy1jb3uuapQt0KiHw==/oat/x86_64/base.odex) is kOatUpToDate with filter 'speed-profile' executable 'false'
03-11 15:01:16.362  3210  3210 I artd    : GetBestInfo: odex next to the dex file (/data/app/~~CVlLntFASa4RjsRuGqUNbQ==/com.google.android.gms-8XzGZCy1jb3uuapQt0KiHw==/oat/x86_64/split_AdsDynamite_installtime.odex) is kOatUpToDate with filter 'speed' executable 'false'
03-11 15:01:16.363  3210  3210 I artd    : GetBestInfo: odex next to the dex file (/data/app/~~CVlLntFASa4RjsRuGqUNbQ==/com.google.android.gms-8XzGZCy1jb3uuapQt0KiHw==/oat/x86_64/split_CronetDynamite_installtime.odex) is kOatUpToDate with filter 'speed' executable 'false'
03-11 15:01:16.365  3210  3210 I artd    : GetBestInfo: odex next to the dex file (/data/app/~~CVlLntFASa4RjsRuGqUNbQ==/com.google.android.gms-8XzGZCy1jb3uuapQt0KiHw==/oat/x86_64/split_DynamiteLoader_installtime.odex) is kOatUpToDate with filter 'speed' executable 'false'
03-11 15:01:16.368  3210  3210 I artd    : GetBestInfo: odex next to the dex file (/data/app/~~CVlLntFASa4RjsRuGqUNbQ==/com.google.android.gms-8XzGZCy1jb3uuapQt0KiHw==/oat/x86_64/split_DynamiteModulesA_installtime.odex) is kOatUpToDate with filter 'speed' executable 'false'
03-11 15:01:16.369  3210  3210 I artd    : GetBestInfo: odex next to the dex file (/data/app/~~CVlLntFASa4RjsRuGqUNbQ==/com.google.android.gms-8XzGZCy1jb3uuapQt0KiHw==/oat/x86_64/split_DynamiteModulesC_installtime.odex) is kOatUpToDate with filter 'speed' executable 'false'
03-11 15:01:16.371  3210  3210 I artd    : GetBestInfo: odex next to the dex file (/data/app/~~CVlLntFASa4RjsRuGqUNbQ==/com.google.android.gms-8XzGZCy1jb3uuapQt0KiHw==/oat/x86_64/split_GoogleCertificates_installtime.odex) is kOatUpToDate with filter 'speed' executable 'false'
03-11 15:01:16.372  3210  4683 I artd    : GetBestInfo: odex next to the dex file (/data/app/~~CVlLntFASa4RjsRuGqUNbQ==/com.google.android.gms-8XzGZCy1jb3uuapQt0KiHw==/oat/x86_64/split_MapsDynamite_installtime.odex) is kOatUpToDate with filter 'speed' executable 'false'
03-11 15:01:16.374  3210  3210 I artd    : GetBestInfo: odex next to the dex file (/data/app/~~CVlLntFASa4RjsRuGqUNbQ==/com.google.android.gms-8XzGZCy1jb3uuapQt0KiHw==/oat/x86_64/split_MeasurementDynamite_installtime.odex) is kOatUpToDate with filter 'speed' executable 'false'
03-11 15:01:16.375  3210  3210 I artd    : GetBestInfo: odex next to the dex file (/data/app/~~CVlLntFASa4RjsRuGqUNbQ==/com.google.android.gms-8XzGZCy1jb3uuapQt0KiHw==/oat/x86_64/split_all_locale_splits.odex) is kOatUpToDate with filter 'speed' executable 'false'
03-11 15:01:16.377  3210  3210 I artd    : GetBestInfo: /data/user_de/0/com.google.android.gms/app_chimera/m/0000000e/dl-MlkitOcrCommon.optional_260931100800.apk has no usable artifacts
03-11 15:01:16.377  3210  3210 I artd    : GetBestInfo: /data/user_de/0/com.google.android.gms/app_chimera/m/00000001/CronetDynamite.apk has no usable artifacts
03-11 15:01:16.378  3210  3210 I artd    : GetBestInfo: /data/user_de/0/com.google.android.gms/app_chimera/m/00000002/DynamiteLoader.apk has no usable artifacts
03-11 15:01:16.378  3210  3210 I artd    : GetBestInfo: /data/user_de/0/com.google.android.gms/app_chimera/m/00000005/GoogleCertificates.apk has no usable artifacts
03-11 15:01:16.379  3210  3210 I artd    : GetBestInfo: /data/user_de/0/com.google.android.gms/app_chimera/m/00000010/dl-Appsearch.optional_260931100800.apk has no usable artifacts
03-11 15:01:16.381  3210  3210 I artd    : GetBestInfo: vdex next to the dex file (/data/user/0/com.google.android.gms/app_dg_cache/E893C01D331CD1FBE6F076D28A1BA871F16A1DEC/oat/x86_64/the.vdex) is kOatUpToDate with filter 'verify' executable 'false'
03-11 15:01:16.382  3210  3210 I artd    : GetBestInfo: /data/user_de/0/com.google.android.gms/app_chimera/m/00000008/dl-TfliteDynamiteDynamite.integ_252130102100800.apk has no usable artifacts
03-11 15:01:16.383  3210  3210 I artd    : GetBestInfo: /data/user_de/0/com.google.android.gms/app_chimera/m/0000000f/dl-MlkitBarcodeUi.optional_260931100800.apk has no usable artifacts
03-11 15:01:16.384  1182  1182 V BaseDepthController: Applying blur: 0 to Surface(name=com.google.android.apps.nexuslauncher/com.google.android.apps.nexuslauncher.NexusLauncherActivity#570)/@0x16d37a7 applyImmediately: false
03-11 15:01:16.384  1182  1182 D BaseDepthController: shouldBlurWorkspace: false targetState: Normal currentStableState: Normal mCurrentBlur: 0 mLauncher.getDepthBlurTargets(): [com.android.launcher3.Workspace{2ade13e V.ED..... ........ 0,0-1080,2400 #7f0a049d app:id/workspace}, com.android.launcher3.Hotseat{29dfb9f V.ED..... ........ 0,1905-1080,2400 #7f0a01ee app:id/hotseat}]
03-11 15:01:16.385  3210  3210 I artd    : GetBestInfo: /data/user_de/0/com.google.android.gms/app_chimera/m/0000000d/dl-VisionOcr.optional_260931100000.apk has no usable artifacts
03-11 15:01:16.386  3210  3210 I artd    : GetBestInfo: /data/user_de/0/com.google.android.gms/app_chimera/m/00000007/MeasurementDynamite.apk has no usable artifacts
03-11 15:01:16.387  3210  3210 I artd    : GetBestInfo: /data/user_de/0/com.google.android.gms/app_chimera/m/00000011/dl-PlayCloudSearch.optional_260931100000.apk has no usable artifacts
03-11 15:01:16.450  1182  1182 V BaseDepthController: Applying blur: 0 to Surface(name=com.google.android.apps.nexuslauncher/com.google.android.apps.nexuslauncher.NexusLauncherActivity#570)/@0x16d37a7 applyImmediately: false
03-11 15:01:16.450  1182  1182 D BaseDepthController: setEarlyWakeup: false
03-11 15:01:16.450  1182  1182 D BaseDepthController: shouldBlurWorkspace: false targetState: Normal currentStableState: Normal mCurrentBlur: 0 mLauncher.getDepthBlurTargets(): [com.android.launcher3.Workspace{2ade13e V.ED..... ........ 0,0-1080,2400 #7f0a049d app:id/workspace}, com.android.launcher3.Hotseat{29dfb9f V.ED..... ........ 0,1905-1080,2400 #7f0a01ee app:id/hotseat}]
03-11 15:01:16.600  1182  1182 D ScalingWorkspaceRevealAnim: onAnimationEnd, workspace and hotseat are visible
03-11 15:01:16.601  1182  1182 V BaseDepthController: Applying blur: 0 to Surface(name=com.google.android.apps.nexuslauncher/com.google.android.apps.nexuslauncher.NexusLauncherActivity#570)/@0x16d37a7 applyImmediately: false
03-11 15:01:16.601  1182  1182 D BaseDepthController: shouldBlurWorkspace: false targetState: Normal currentStableState: Normal mCurrentBlur: 0 mLauncher.getDepthBlurTargets(): [com.android.launcher3.Workspace{2ade13e V.ED..... ......ID 0,0-1080,2400 #7f0a049d app:id/workspace}, com.android.launcher3.Hotseat{29dfb9f V.ED..... ......ID 0,1905-1080,2400 #7f0a01ee app:id/hotseat}]
03-11 15:01:16.602  1040  1055 V WindowManagerShell: Received remote transition finished callback for (#56)
03-11 15:01:16.602  1040  1116 V WindowManagerShell: Transition animation finished (aborted=false), notifying core (#56) android.os.BinderProxy@645acb2@0
03-11 15:01:16.606   788   809 V WindowManager: Finish Transition (#56): created at 03-11 15:01:15.495 collect-started=0.038ms request-sent=0.105ms started=10.748ms ready=110.665ms sent=113.079ms commit=12.523ms finished=1111.375ms
03-11 15:01:16.608   788  1755 E libbinder.IPCThreadState: Binder transaction failure. id: 940559, cmd: BR_DEAD_REPLY (29189), error: -22 (Invalid argument)
03-11 15:01:16.608   788  1755 W ActivityManager: pid 788 system sent binder code 7 with flags 1 and got error -32
03-11 15:01:16.608   788  1755 W WindowManager: Exception thrown during dispatchAppVisibility Window{c181a75 u0 com.antigravity.frota2026/expo.modules.devlauncher.launcher.DevLauncherActivity EXITING}
03-11 15:01:16.608   788  1755 W WindowManager: android.os.DeadObjectException
03-11 15:01:16.608   788  1755 W WindowManager: 	at android.os.BinderProxy.transactNative(Native Method)
03-11 15:01:16.608   788  1755 W WindowManager: 	at android.os.BinderProxy.transact(BinderProxy.java:599)
03-11 15:01:16.608   788  1755 W WindowManager: 	at android.view.IWindow$Stub$Proxy.dispatchAppVisibility(IWindow.java:535)
03-11 15:01:16.608   788  1755 W WindowManager: 	at com.android.server.wm.WindowState.sendAppVisibilityToClients(WindowState.java:3266)
03-11 15:01:16.608   788  1755 W WindowManager: 	at com.android.server.wm.WindowContainer.sendAppVisibilityToClients(WindowContainer.java:1218)
03-11 15:01:16.608   788  1755 W WindowManager: 	at com.android.server.wm.WindowToken.setClientVisible(WindowToken.java:394)
03-11 15:01:16.608   788  1755 W WindowManager: 	at com.android.server.wm.ActivityRecord.commitVisibility(ActivityRecord.java:5626)
03-11 15:01:16.608   788  1755 W WindowManager: 	at com.android.server.wm.Transition.finishTransition(Transition.java:1500)
03-11 15:01:16.608   788  1755 W WindowManager: 	at com.android.server.wm.TransitionController.finishTransition(TransitionController.java:1096)
03-11 15:01:16.608   788  1755 W WindowManager: 	at com.android.server.wm.WindowOrganizerController.finishTransition(WindowOrganizerController.java:518)
03-11 15:01:16.608   788  1755 W WindowManager: 	at android.window.IWindowOrganizerController$Stub.onTransact(IWindowOrganizerController.java:270)
03-11 15:01:16.608   788  1755 W WindowManager: 	at com.android.server.wm.WindowOrganizerController.onTransact(WindowOrganizerController.java:233)
03-11 15:01:16.608   788  1755 W WindowManager: 	at android.os.Binder.execTransactInternal(Binder.java:1478)
03-11 15:01:16.608   788  1755 W WindowManager: 	at android.os.Binder.execTransact(Binder.java:1418)
03-11 15:01:16.608   788  1755 W Process : Unable to open /proc/6964/status
03-11 15:01:16.612  1040  1116 V WindowManagerShell: Track 0 became idle
03-11 15:01:16.612  1040  1116 V WindowManagerShell: All active transition animations finished
03-11 15:01:16.613  1182  1182 D RecentsView: onTaskRemoved: 18, not handling task stack changes
03-11 15:01:16.614  1182  1182 D RecentsView: onTaskRemoved: 18, not handling task stack changes
03-11 15:01:16.616   788  1014 W ImageReader_JNI: Unable to acquire a buffer item, very likely client tried to acquire more than maxImages buffers
03-11 15:01:16.616   788  1291 W WindowManager: takeTaskSnapshot: taskId=18 not found or not visible
03-11 15:01:16.619  1040  1116 V ShellTaskOrganizer: Task vanished taskId=18
03-11 15:01:16.619  1040  1116 V ShellTaskOrganizer: Fullscreen Task Vanished: #18
03-11 15:01:16.619  1040  1116 V ShellDesktopMode: Task Vanished: #18 closed=true
03-11 15:01:16.619  1040  1116 D ShellDesktopMode: AppToWebRepository: Task 18 is vanishing. Removing task data from repository
03-11 15:01:16.620  1040  1116 V AppCompat: SingleSurfaceLetterboxController: []
03-11 15:01:16.620  1182  1182 D b/417220811: invalidateLoadedTasks - previous requestLoadId: -1
03-11 15:01:16.620  1040  1116 V AppCompat: MultiSurfaceLetterboxController: []
03-11 15:01:16.620  1040  1116 V AppCompat: LetterboxInputController: []
03-11 15:01:16.620  1040  1116 V AppCompat: RoundedCornersLetterboxController: {}
03-11 15:01:16.651   646   646 E BpTransactionCompletedListener: Failed to transact (-32)
03-11 15:01:17.246   788   940 I HalDevMgr: bestIfaceCreationProposal is null, requestIface=STA, existingIface=[name=wlan0 type=STA]
03-11 15:01:19.615   788  1773 E TaskPersister: File error accessing recents directory (directory doesn't exist?).
03-11 15:01:20.253   788   940 I HalDevMgr: bestIfaceCreationProposal is null, requestIface=STA, existingIface=[name=wlan0 type=STA]
03-11 15:01:23.262   788   940 I HalDevMgr: bestIfaceCreationProposal is null, requestIface=STA, existingIface=[name=wlan0 type=STA]
03-11 15:01:23.792  1166  1320 D SatelliteController: iisInCarrierRoamingNbIotNtn: satellite is disabled
03-11 15:01:23.793   788  1755 W libbinder.IPCThreadState: Sending oneway calls to frozen process.
03-11 15:01:23.793  1166  1320 D SatelliteController: getCarrierRoamingNtnConnectType: Falling back to global carrier config connect type: 0
03-11 15:01:25.723   788   886 D ActivityManager: freezing 2474 com.google.android.apps.messaging
03-11 15:01:26.231  7540  7540 W libbinder.BackendUnifiedServiceManager: Thread Pool max thread count is 0. Cannot cache binder as linkToDeath cannot be implemented. serviceName: package
03-11 15:01:26.275   788   940 I HalDevMgr: bestIfaceCreationProposal is null, requestIface=STA, existingIface=[name=wlan0 type=STA]
