03-11 15:01:26.356  3210  3210 I artd    : GetBestInfo: odex next to the dex file (/data/app/~~CVlLntFASa4RjsRuGqUNbQ==/com.google.android.gms-8XzGZCy1jb3uuapQt0KiHw==/oat/x86_64/base.odex) is kOatUpToDate with filter 'speed-profile' executable 'false'
03-11 15:01:26.358  3210  4683 I artd    : GetBestInfo: odex next to the dex file (/data/app/~~CVlLntFASa4RjsRuGqUNbQ==/com.google.android.gms-8XzGZCy1jb3uuapQt0KiHw==/oat/x86_64/split_AdsDynamite_installtime.odex) is kOatUpToDate with filter 'speed' executable 'false'
03-11 15:01:26.360  3210  4683 I artd    : GetBestInfo: odex next to the dex file (/data/app/~~CVlLntFASa4RjsRuGqUNbQ==/com.google.android.gms-8XzGZCy1jb3uuapQt0KiHw==/oat/x86_64/split_CronetDynamite_installtime.odex) is kOatUpToDate with filter 'speed' executable 'false'
03-11 15:01:26.362  3210  4683 I artd    : GetBestInfo: odex next to the dex file (/data/app/~~CVlLntFASa4RjsRuGqUNbQ==/com.google.android.gms-8XzGZCy1jb3uuapQt0KiHw==/oat/x86_64/split_DynamiteLoader_installtime.odex) is kOatUpToDate with filter 'speed' executable 'false'
03-11 15:01:26.363  3210  4683 I artd    : GetBestInfo: odex next to the dex file (/data/app/~~CVlLntFASa4RjsRuGqUNbQ==/com.google.android.gms-8XzGZCy1jb3uuapQt0KiHw==/oat/x86_64/split_DynamiteModulesA_installtime.odex) is kOatUpToDate with filter 'speed' executable 'false'
03-11 15:01:26.365  3210  4683 I artd    : GetBestInfo: odex next to the dex file (/data/app/~~CVlLntFASa4RjsRuGqUNbQ==/com.google.android.gms-8XzGZCy1jb3uuapQt0KiHw==/oat/x86_64/split_DynamiteModulesC_installtime.odex) is kOatUpToDate with filter 'speed' executable 'false'
03-11 15:01:26.367  3210  4683 I artd    : GetBestInfo: odex next to the dex file (/data/app/~~CVlLntFASa4RjsRuGqUNbQ==/com.google.android.gms-8XzGZCy1jb3uuapQt0KiHw==/oat/x86_64/split_GoogleCertificates_installtime.odex) is kOatUpToDate with filter 'speed' executable 'false'
03-11 15:01:26.368  3210  4683 I artd    : GetBestInfo: odex next to the dex file (/data/app/~~CVlLntFASa4RjsRuGqUNbQ==/com.google.android.gms-8XzGZCy1jb3uuapQt0KiHw==/oat/x86_64/split_MapsDynamite_installtime.odex) is kOatUpToDate with filter 'speed' executable 'false'
03-11 15:01:26.370  3210  4683 I artd    : GetBestInfo: odex next to the dex file (/data/app/~~CVlLntFASa4RjsRuGqUNbQ==/com.google.android.gms-8XzGZCy1jb3uuapQt0KiHw==/oat/x86_64/split_MeasurementDynamite_installtime.odex) is kOatUpToDate with filter 'speed' executable 'false'
03-11 15:01:26.371  3210  4683 I artd    : GetBestInfo: odex next to the dex file (/data/app/~~CVlLntFASa4RjsRuGqUNbQ==/com.google.android.gms-8XzGZCy1jb3uuapQt0KiHw==/oat/x86_64/split_all_locale_splits.odex) is kOatUpToDate with filter 'speed' executable 'false'
03-11 15:01:26.373  3210  4683 I artd    : GetBestInfo: /data/user_de/0/com.google.android.gms/app_chimera/m/0000000e/dl-MlkitOcrCommon.optional_260931100800.apk has no usable artifacts
03-11 15:01:26.373  3210  4683 I artd    : GetBestInfo: /data/user_de/0/com.google.android.gms/app_chimera/m/00000001/CronetDynamite.apk has no usable artifacts
03-11 15:01:26.374  3210  4683 I artd    : GetBestInfo: /data/user_de/0/com.google.android.gms/app_chimera/m/00000002/DynamiteLoader.apk has no usable artifacts
03-11 15:01:26.374  3210  4683 I artd    : GetBestInfo: /data/user_de/0/com.google.android.gms/app_chimera/m/00000005/GoogleCertificates.apk has no usable artifacts
03-11 15:01:26.376  3210  4683 I artd    : GetBestInfo: /data/user_de/0/com.google.android.gms/app_chimera/m/00000010/dl-Appsearch.optional_260931100800.apk has no usable artifacts
03-11 15:01:26.377  3210  4683 I artd    : GetBestInfo: vdex next to the dex file (/data/user/0/com.google.android.gms/app_dg_cache/E893C01D331CD1FBE6F076D28A1BA871F16A1DEC/oat/x86_64/the.vdex) is kOatUpToDate with filter 'verify' executable 'false'
03-11 15:01:26.378  3210  4683 I artd    : GetBestInfo: /data/user_de/0/com.google.android.gms/app_chimera/m/00000008/dl-TfliteDynamiteDynamite.integ_252130102100800.apk has no usable artifacts
03-11 15:01:26.380  3210  4683 I artd    : GetBestInfo: /data/user_de/0/com.google.android.gms/app_chimera/m/0000000f/dl-MlkitBarcodeUi.optional_260931100800.apk has no usable artifacts
03-11 15:01:26.381  3210  4683 I artd    : GetBestInfo: /data/user_de/0/com.google.android.gms/app_chimera/m/0000000d/dl-VisionOcr.optional_260931100000.apk has no usable artifacts
03-11 15:01:26.382  3210  4683 I artd    : GetBestInfo: /data/user_de/0/com.google.android.gms/app_chimera/m/00000007/MeasurementDynamite.apk has no usable artifacts
03-11 15:01:26.383  3210  4683 I artd    : GetBestInfo: /data/user_de/0/com.google.android.gms/app_chimera/m/00000011/dl-PlayCloudSearch.optional_260931100000.apk has no usable artifacts
03-11 15:01:26.717   788   993 D BackgroundInstallControlService: Package event received: 0
03-11 15:01:27.227   788  1291 D WifiNl80211Manager: Scan result ready event
03-11 15:01:27.227   788  1291 D WifiNative: Scan result ready event
03-11 15:01:27.229  1305  1734 I WifiScanner: onFullResults
03-11 15:01:27.229  1305  1318 I WifiScanner: onFullResults
03-11 15:01:27.230   788   940 I HalDevMgr: bestIfaceCreationProposal is null, requestIface=STA, existingIface=[name=wlan0 type=STA]
03-11 15:01:29.282   788   940 I HalDevMgr: bestIfaceCreationProposal is null, requestIface=STA, existingIface=[name=wlan0 type=STA]
03-11 15:01:32.289   788   940 I HalDevMgr: bestIfaceCreationProposal is null, requestIface=STA, existingIface=[name=wlan0 type=STA]
03-11 15:01:33.793  1166  1320 D SatelliteController: iisInCarrierRoamingNbIotNtn: satellite is disabled
03-11 15:01:33.793   788  1912 W libbinder.IPCThreadState: Sending oneway calls to frozen process.
03-11 15:01:33.795  1166  1320 D SatelliteController: getCarrierRoamingNtnConnectType: Falling back to global carrier config connect type: 0
03-11 15:01:35.296   788   940 I HalDevMgr: bestIfaceCreationProposal is null, requestIface=STA, existingIface=[name=wlan0 type=STA]
03-11 15:01:36.238  7543  7543 W libbinder.BackendUnifiedServiceManager: Thread Pool max thread count is 0. Cannot cache binder as linkToDeath cannot be implemented. serviceName: package
03-11 15:01:36.331  3210  4683 I artd    : GetBestInfo: odex next to the dex file (/data/app/~~CVlLntFASa4RjsRuGqUNbQ==/com.google.android.gms-8XzGZCy1jb3uuapQt0KiHw==/oat/x86_64/base.odex) is kOatUpToDate with filter 'speed-profile' executable 'false'
03-11 15:01:36.334  3210  4683 I artd    : GetBestInfo: odex next to the dex file (/data/app/~~CVlLntFASa4RjsRuGqUNbQ==/com.google.android.gms-8XzGZCy1jb3uuapQt0KiHw==/oat/x86_64/split_AdsDynamite_installtime.odex) is kOatUpToDate with filter 'speed' executable 'false'
03-11 15:01:36.336  3210  4683 I artd    : GetBestInfo: odex next to the dex file (/data/app/~~CVlLntFASa4RjsRuGqUNbQ==/com.google.android.gms-8XzGZCy1jb3uuapQt0KiHw==/oat/x86_64/split_CronetDynamite_installtime.odex) is kOatUpToDate with filter 'speed' executable 'false'
03-11 15:01:36.339  3210  4683 I artd    : GetBestInfo: odex next to the dex file (/data/app/~~CVlLntFASa4RjsRuGqUNbQ==/com.google.android.gms-8XzGZCy1jb3uuapQt0KiHw==/oat/x86_64/split_DynamiteLoader_installtime.odex) is kOatUpToDate with filter 'speed' executable 'false'
03-11 15:01:36.341  3210  4683 I artd    : GetBestInfo: odex next to the dex file (/data/app/~~CVlLntFASa4RjsRuGqUNbQ==/com.google.android.gms-8XzGZCy1jb3uuapQt0KiHw==/oat/x86_64/split_DynamiteModulesA_installtime.odex) is kOatUpToDate with filter 'speed' executable 'false'
03-11 15:01:36.343  3210  4683 I artd    : GetBestInfo: odex next to the dex file (/data/app/~~CVlLntFASa4RjsRuGqUNbQ==/com.google.android.gms-8XzGZCy1jb3uuapQt0KiHw==/oat/x86_64/split_DynamiteModulesC_installtime.odex) is kOatUpToDate with filter 'speed' executable 'false'
03-11 15:01:36.344  3210  4683 I artd    : GetBestInfo: odex next to the dex file (/data/app/~~CVlLntFASa4RjsRuGqUNbQ==/com.google.android.gms-8XzGZCy1jb3uuapQt0KiHw==/oat/x86_64/split_GoogleCertificates_installtime.odex) is kOatUpToDate with filter 'speed' executable 'false'
03-11 15:01:36.346  3210  4683 I artd    : GetBestInfo: odex next to the dex file (/data/app/~~CVlLntFASa4RjsRuGqUNbQ==/com.google.android.gms-8XzGZCy1jb3uuapQt0KiHw==/oat/x86_64/split_MapsDynamite_installtime.odex) is kOatUpToDate with filter 'speed' executable 'false'
03-11 15:01:36.347  3210  4683 I artd    : GetBestInfo: odex next to the dex file (/data/app/~~CVlLntFASa4RjsRuGqUNbQ==/com.google.android.gms-8XzGZCy1jb3uuapQt0KiHw==/oat/x86_64/split_MeasurementDynamite_installtime.odex) is kOatUpToDate with filter 'speed' executable 'false'
03-11 15:01:36.349  3210  4683 I artd    : GetBestInfo: odex next to the dex file (/data/app/~~CVlLntFASa4RjsRuGqUNbQ==/com.google.android.gms-8XzGZCy1jb3uuapQt0KiHw==/oat/x86_64/split_all_locale_splits.odex) is kOatUpToDate with filter 'speed' executable 'false'
03-11 15:01:36.350  3210  4683 I artd    : GetBestInfo: /data/user_de/0/com.google.android.gms/app_chimera/m/0000000e/dl-MlkitOcrCommon.optional_260931100800.apk has no usable artifacts
03-11 15:01:36.350  3210  4683 I artd    : GetBestInfo: /data/user_de/0/com.google.android.gms/app_chimera/m/00000001/CronetDynamite.apk has no usable artifacts
03-11 15:01:36.351  3210  4683 I artd    : GetBestInfo: /data/user_de/0/com.google.android.gms/app_chimera/m/00000002/DynamiteLoader.apk has no usable artifacts
03-11 15:01:36.351  3210  4683 I artd    : GetBestInfo: /data/user_de/0/com.google.android.gms/app_chimera/m/00000005/GoogleCertificates.apk has no usable artifacts
03-11 15:01:36.352  3210  4683 I artd    : GetBestInfo: /data/user_de/0/com.google.android.gms/app_chimera/m/00000010/dl-Appsearch.optional_260931100800.apk has no usable artifacts
03-11 15:01:36.354  3210  4683 I artd    : GetBestInfo: vdex next to the dex file (/data/user/0/com.google.android.gms/app_dg_cache/E893C01D331CD1FBE6F076D28A1BA871F16A1DEC/oat/x86_64/the.vdex) is kOatUpToDate with filter 'verify' executable 'false'
03-11 15:01:36.355  3210  4683 I artd    : GetBestInfo: /data/user_de/0/com.google.android.gms/app_chimera/m/00000008/dl-TfliteDynamiteDynamite.integ_252130102100800.apk has no usable artifacts
03-11 15:01:36.357  3210  4683 I artd    : GetBestInfo: /data/user_de/0/com.google.android.gms/app_chimera/m/0000000f/dl-MlkitBarcodeUi.optional_260931100800.apk has no usable artifacts
03-11 15:01:36.358  3210  4683 I artd    : GetBestInfo: /data/user_de/0/com.google.android.gms/app_chimera/m/0000000d/dl-VisionOcr.optional_260931100000.apk has no usable artifacts
03-11 15:01:36.359  3210  4683 I artd    : GetBestInfo: /data/user_de/0/com.google.android.gms/app_chimera/m/00000007/MeasurementDynamite.apk has no usable artifacts
03-11 15:01:36.360  3210  4683 I artd    : GetBestInfo: /data/user_de/0/com.google.android.gms/app_chimera/m/00000011/dl-PlayCloudSearch.optional_260931100000.apk has no usable artifacts
03-11 15:01:38.302   788   940 I HalDevMgr: bestIfaceCreationProposal is null, requestIface=STA, existingIface=[name=wlan0 type=STA]
03-11 15:01:39.659   788  1912 W ActivityTaskManager: callingPackage for (uid=2000, pid=7554) has no WPC
03-11 15:01:39.660   788  1912 V WindowManager: DesktopModeLaunchParamsModifier: phase= 0 task=null activity=null display-area-from-current-params=null display-area-from-default-fallback=DefaultTaskDisplayArea@62122993 display-id=0 task-display-area-windowing-mode=1 suggested-display-area=DefaultTaskDisplayArea@62122993 task null, skipping
03-11 15:01:39.660   788  1912 V WindowManager: TaskLaunchParamsModifier:phase=0 task=null activity=null display-area-from-current-params=null display-area-from-default-fallback=DefaultTaskDisplayArea@62122993 display-id=0 task-display-area-windowing-mode=1 suggested-display-area=DefaultTaskDisplayArea@62122993
03-11 15:01:39.660   788  1912 V GrammaticalInflectionUtils: AttributionSource: android.content.AttributionSource@ef6af988 does not have READ_SYSTEM_GRAMMATICAL_GENDER permission.
03-11 15:01:39.661   788  1912 V WindowManager: DesktopModeLaunchParamsModifier: phase= 0 task=null activity=ActivityRecord{5182146 u0 com.antigravity.frota2026/.MainActivity display-area-from-current-params=null display-area-from-default-fallback=DefaultTaskDisplayArea@62122993 display-id=0 task-display-area-windowing-mode=1 suggested-display-area=DefaultTaskDisplayArea@62122993 task null, skipping
03-11 15:01:39.661   788  1912 V WindowManager: TaskLaunchParamsModifier:phase=0 task=null activity=ActivityRecord{5182146 u0 com.antigravity.frota2026/.MainActivity t-1} display-area-from-current-params=null display-area-from-default-fallback=DefaultTaskDisplayArea@62122993 display-id=0 task-display-area-windowing-mode=1 suggested-display-area=DefaultTaskDisplayArea@62122993
03-11 15:01:39.661   788  1912 V WindowManager: DesktopModeLaunchParamsModifier: phase= 3 task=null activity=ActivityRecord{5182146 u0 com.antigravity.frota2026/.MainActivity t-1} display-area-from-current-params=null display-area-from-default-fallback=DefaultTaskDisplayArea@62122993 display-id=0 task-display-area-windowing-mode=1 suggested-display-area=DefaultTaskDisplayArea@62122993 task null, skipping
03-11 15:01:39.661   788  1912 V WindowManager: TaskLaunchParamsModifier:phase=3 task=null activity=ActivityRecord{5182146 u0 com.antigravity.frota2026/.MainActivity t-1} display-area-from-current-params=null display-area-from-default-fallback=DefaultTaskDisplayArea@62122993 display-id=0 task-display-area-windowing-mode=1 suggested-display-area=DefaultTaskDisplayArea@62122993 non-freeform-task-display-area display-area=DefaultTaskDisplayArea@62122993 skip-bounds-fullscreen
03-11 15:01:39.663   788  1912 V WindowManager: DesktopModeLaunchParamsModifier: phase= 3 task=Task{d6e48d3 #19 type=standard A=10227:com.antigravity.frota2026} activity=ActivityRecord{5182146 u0 com.antigravity.frota2026/.MainActivity t-1} display-from-task=0 display-id=0 task-display-area-windowing-mode=1 suggested-display-area=DefaultTaskDisplayArea@62122993 not entering desktop mode, skipping
03-11 15:01:39.663   788  1912 V WindowManager: TaskLaunchParamsModifier:phase=3 task=Task{d6e48d3 #19 type=standard A=10227:com.antigravity.frota2026} activity=ActivityRecord{5182146 u0 com.antigravity.frota2026/.MainActivity t-1} display-from-task=0 display-id=0 task-display-area-windowing-mode=1 suggested-display-area=DefaultTaskDisplayArea@62122993 inherit-from-task=fullscreen non-freeform-task-display-area display-area=DefaultTaskDisplayArea@62122993 skip-bounds-fullscreen
03-11 15:01:39.664   646   658 I libbinder.BpBinder: onLastStrongRef automatically unlinking death recipients for descriptor: '(not cached)'
03-11 15:01:39.669   788  1912 I ActivityTaskManager: START u0 {act=android.intent.action.VIEW dat=exp+frota2026://expo-development-client/... flg=0x10000000 xflg=0x4 cmp=com.antigravity.frota2026/.MainActivity} with LAUNCH_SINGLE_TASK from uid 2000 (com.android.shell) (BAL_ALLOW_PERMISSION) result code=0
03-11 15:01:39.670  1182  1182 D BaseActivity: Launcher flags updated: [state_started|state_resumed|state_deferred_resumed|state_window_focused] -[state_user_active]
03-11 15:01:39.670  1182  1182 D BaseActivity: Launcher flags updated: [state_started|state_window_focused] -[state_resumed|state_deferred_resumed]
03-11 15:01:39.670  1182  1182 W SplitSelectStateCtor: Missing session instanceIds
03-11 15:01:39.670  1182  1182 D StatsLog: LAUNCHER_SPLIT_SELECTION_EXIT_INTERRUPTED
03-11 15:01:39.670  1040  1116 V WindowManagerShell: Transition requested (#57): android.os.BinderProxy@c44c6ae TransitionRequestInfo { type = OPEN, triggerTask = TaskInfo{userId=0 taskId=19 effectiveUid=10227 displayId=0 isRunning=true baseIntent=Intent { act=android.intent.action.VIEW dat=exp+frota2026://expo-development-client/... flg=0x10000000 cmp=com.antigravity.frota2026/.MainActivity } baseActivity=ComponentInfo{com.antigravity.frota2026/com.antigravity.frota2026.MainActivity} topActivity=ComponentInfo{com.antigravity.frota2026/com.antigravity.frota2026.MainActivity} origActivity=null realActivity=ComponentInfo{com.antigravity.frota2026/com.antigravity.frota2026.MainActivity} numActivities=1 lastActiveTime=4992769 supportsMultiWindow=true resizeMode=1 isResizeable=true minWidth=-1 minHeight=-1 defaultMinSize=220 token=WCT{android.os.BinderProxy@665cc4f} topActivityType=1 pictureInPictureParams=null shouldDockBigOverlays=false launchIntoPipHostTaskId=-1 lastParentTaskIdBeforePip=-1 displayCutoutSafeInsets=Rect(0, 0 - 0, 0) topActivityInfo=ActivityInfo{1b23fdc com.antigravity.frota2026.MainActivity} launchCookies=[] positionInParent=Point(0, 0) parentTaskId=-1 isFocused=false isVisible=false isVisibleRequested=false isTopActivityNoDisplay=false isSleeping=false locusId=null displayAreaFeatureId=1 isTopActivityTransparent=false isActivityStackTransparent=false lastNonFullscreenBounds=null capturedLink=null capturedLinkTimestamp=0 requestedVisibleTypes=503 topActivityRequestOpenInBrowserEducationTimestamp=0 appCompatTaskInfo=AppCompatTaskInfo { topActivityInSizeCompat=false isLeafTask= true eligibleForLetterboxEducation= false isLetterboxEducationEnabled= true isLetterboxDoubleTapEnabled= false eligibleForUserAspectRatioButton= false topActivityBoundsLetterboxed= false isFromLetterboxDoubleTap= false topActivityLetterboxVerticalPosition= -1 topActivityLetterboxHorizontalPosition= -1 topActivityLetterboxWidth=-1 topActivityLetterboxHeight=-1 topActivityAppBounds=Rect(0, 0 - 1080, 2337) isUserFullscreenOverrideEnabled=false isSystemFullscreenOverrideEnabled=false hasMinAspectRatioOverride=false topActivityLetterboxBounds=null cameraCompatTaskInfo=CameraCompatTaskInfo { cameraCompatMode=undefinedundefined} topNonResizableActivityAspectRatio=-1.0} topActivityMainWindowFrame=null isAppBubble=false}, pipChange = null, remoteTransition = null, displayChange = null, requestedLocation = null, userChange = null, windowingLayerChange = null, flags = 0, debugId = 57 }
03-11 15:01:39.670  1040  1116 D ShellSplitScreen: logExit: no-op, mLoggerSessionId is null
03-11 15:01:39.670  1040  1116 V ShellDesktopMode: DesktopTasksController: handleRequest request=TransitionRequestInfo { type = OPEN, triggerTask = TaskInfo{userId=0 taskId=19 effectiveUid=10227 displayId=0 isRunning=true baseIntent=Intent { act=android.intent.action.VIEW dat=exp+frota2026://expo-development-client/... flg=0x10000000 cmp=com.antigravity.frota2026/.MainActivity } baseActivity=ComponentInfo{com.antigravity.frota2026/com.antigravity.frota2026.MainActivity} topActivity=ComponentInfo{com.antigravity.frota2026/com.antigravity.frota2026.MainActivity} origActivity=null realActivity=ComponentInfo{com.antigravity.frota2026/com.antigravity.frota2026.MainActivity} numActivities=1 lastActiveTime=4992769 supportsMultiWindow=true resizeMode=1 isResizeable=true minWidth=-1 minHeight=-1 defaultMinSize=220 token=WCT{android.os.BinderProxy@665cc4f} topActivityType=1 pictureInPictureParams=null shouldDockBigOverlays=false launchIntoPipHostTaskId=-1 lastParentTaskIdBeforePip=-1 displayCutoutSafeInsets=Rect(0, 0 - 0, 0) topActivityInfo=ActivityInfo{1b23fdc com.antigravity.frota2026.MainActivity} launchCookies=[] positionInParent=Point(0, 0) parentTaskId=-1 isFocused=false isVisible=false isVisibleRequested=false isTopActivityNoDisplay=false isSleeping=false locusId=null displayAreaFeatureId=1 isTopActivityTransparent=false isActivityStackTransparent=false lastNonFullscreenBounds=null capturedLink=null capturedLinkTimestamp=0 requestedVisibleTypes=503 topActivityRequestOpenInBrowserEducationTimestamp=0 appCompatTaskInfo=AppCompatTaskInfo { topActivityInSizeCompat=false isLeafTask= true eligibleForLetterboxEducation= false isLetterboxEducationEnabled= true isLetterboxDoubleTapEnabled= false eligibleForUserAspectRatioButton= false topActivityBoundsLetterboxed= false isFromLetterboxDoubleTap= false topActivityLetterboxVerticalPosition= -1 topActivityLetterboxHorizontalPosition= -1 topActivityLetterboxWidth=-1 topActivityLetterboxHeight=-1 topActivityAppBounds=Rect(0, 0 - 1080, 2337) isUserFullscreenOverrideEnabled=false isSystemFullscreenOverrideEnabled=false hasMinAspectRatioOverride=false topActivityLetterboxBounds=null cameraCompatTaskInfo=CameraCompatTaskInfo { cameraCompatMode=undefinedundefined} topNonResizableActivityAspectRatio=-1.0} topActivityMainWindowFrame=null isAppBubble=false}, pipChange = null, remoteTransition = null, displayChange = null, requestedLocation = null, userChange = null, windowingLayerChange = null, flags = 0, debugId = 57 }
03-11 15:01:39.671  1040  1116 V ShellDesktopMode: DesktopTasksController: skipping handleRequest reason=triggerTask's display doesn't support desktop mode
03-11 15:01:39.673   788  1757 I AppsFilter: interaction: PackageSetting{454dda com.android.microdroid.empty_payload/10224} -> PackageSetting{27f990e com.antigravity.frota2026/10227} BLOCKED
03-11 15:01:39.675   698  6888 W libbinder.IPCThreadState: Sending oneway calls to frozen process.
03-11 15:01:39.675   698  6888 W libbinder.IPCThreadState: Sending oneway calls to frozen process.
03-11 15:01:39.676   788  1757 V WindowManager: Defer transition id=57 for TaskFragmentTransaction=android.os.Binder@fca9f2f
03-11 15:01:39.676   788  1757 V WindowManager: deferTransitionReady deferReadyDepth=1 stack=com.android.server.wm.TransitionController.deferTransitionReady:1061 com.android.server.wm.TaskFragmentOrganizerController$TaskFragmentOrganizerState.dispatchTransaction:517 com.android.server.wm.TaskFragmentOrganizerController.dispatchPendingEvents:1259 com.android.server.wm.TaskFragmentOrganizerController.dispatchPendingEvents:1228 com.android.server.wm.RootWindowContainer.performSurfacePlacement:777 
03-11 15:01:39.677  1182  1182 D RecentsView: onTaskDisplayChanged: 19, new displayId = 0
03-11 15:01:39.679  1040  1116 D WindowManagerShell: setLauncherKeepClearAreaHeight: visible=false, height=495
03-11 15:01:39.681   788  1757 V WindowManager: Continue transition id=57 for TaskFragmentTransaction=android.os.Binder@fca9f2f
03-11 15:01:39.681   788  1757 V WindowManager: continueTransitionReady deferReadyDepth=0 stack=com.android.server.wm.TransitionController.continueTransitionReady:1071 com.android.server.wm.TaskFragmentOrganizerController$TaskFragmentOrganizerState.onTransactionFinished:546 com.android.server.wm.TaskFragmentOrganizerController.onTransactionHandled:740 android.window.ITaskFragmentOrganizerController$Stub.onTransact:225 android.os.Binder.execTransactInternal:1473 
03-11 15:01:39.681   788   812 V GrammaticalInflectionUtils: AttributionSource: android.content.AttributionSource@ef6af988 does not have READ_SYSTEM_GRAMMATICAL_GENDER permission.
03-11 15:01:39.682  1040  1116 D ShellDesktopMode: DesktopRepository: Removes freeform task: taskId=18
03-11 15:01:39.683  1040  1116 W ShellDesktopMode: DesktopRepository: No display id found for task: taskId=18
03-11 15:01:39.683  1182  1182 D b/417220811: invalidateLoadedTasks - previous requestLoadId: -1
03-11 15:01:39.684  1182  1182 D b/417220811: invalidateLoadedTasks - previous requestLoadId: -1
03-11 15:01:39.685   788   993 D BackgroundInstallControlService: Package event received: 0
03-11 15:01:39.688  1040  1220 D WindowOnBackDispatcher: setTopOnBackInvokedCallback (unwrapped): android.view.ViewRootImpl$$ExternalSyntheticLambda12@534afe3
03-11 15:01:39.688   788  1757 D CoreBackPreview: Window{b77a6c5 u0 Splash Screen com.antigravity.frota2026}: Setting back callback OnBackInvokedCallbackInfo{mCallback=android.window.IOnBackInvokedCallback$Stub$Proxy@3794527, mPriority=0, mIsAnimationCallback=false, mOverrideBehavior=0}
03-11 15:01:39.690   576   576 D Zygote  : Forked child process 7557
03-11 15:01:39.691   788   820 I ActivityManager: Start proc 7557:com.antigravity.frota2026/u0a227 for next-top-activity {com.antigravity.frota2026/com.antigravity.frota2026.MainActivity}
03-11 15:01:39.697  7557  7557 I Zygote  : Process 7557 created for com.antigravity.frota2026
03-11 15:01:39.697  7557  7557 I avity.frota2026: Late-enabling -Xcheck:jni
03-11 15:01:39.738  7557  7557 I avity.frota2026: Using CollectorTypeCMC GC.
03-11 15:01:39.739  7557  7557 W avity.frota2026: Unexpected CPU variant for x86: x86_64.
03-11 15:01:39.739  7557  7557 W avity.frota2026: Known variants: atom, sandybridge, silvermont, goldmont, goldmont-plus, goldmont-without-sha-xsaves, tremont, kabylake, alderlake, default
03-11 15:01:39.742   654   686 I adbd    : jdwp connection from 7557
03-11 15:01:39.756  7557  7557 D nativeloader: Load libframework-connectivity-tiramisu-jni.so using APEX ns com_android_tethering for caller /apex/com.android.tethering/javalib/framework-connectivity-t.jar: ok
03-11 15:01:39.787   788   809 V WindowManager: Sent Transition (#57) createdAt=03-11 15:01:39.661 via request=TransitionRequestInfo { type = OPEN, triggerTask = TaskInfo{userId=0 taskId=19 effectiveUid=10227 displayId=0 isRunning=true baseIntent=Intent { act=android.intent.action.VIEW dat=exp+frota2026://expo-development-client/... flg=0x10000000 cmp=com.antigravity.frota2026/.MainActivity } baseActivity=ComponentInfo{com.antigravity.frota2026/com.antigravity.frota2026.MainActivity} topActivity=ComponentInfo{com.antigravity.frota2026/com.antigravity.frota2026.MainActivity} origActivity=null realActivity=ComponentInfo{com.antigravity.frota2026/com.antigravity.frota2026.MainActivity} numActivities=1 lastActiveTime=4992769 supportsMultiWindow=true resizeMode=1 isResizeable=true minWidth=-1 minHeight=-1 defaultMinSize=220 token=WCT{RemoteToken{375cb7a Task{d6e48d3 #19 type=standard A=10227:com.antigravity.frota2026}}} topActivityType=1 pictureInPictureParams=null shouldDockBigOverlays=false launchIntoPipHostTaskId=-1 lastParentTaskIdBeforePip=-1 displayCutoutSafeInsets=Rect(0, 0 - 0, 0) topActivityInfo=ActivityInfo{2c7ef88 com.antigravity.frota2026.MainActivity} launchCookies=[] positionInParent=Point(0, 0) parentTaskId=-1 isFocused=false isVisible=false isVisibleRequested=false isTopActivityNoDisplay=false isSleeping=false locusId=null displayAreaFeatureId=1 isTopActivityTransparent=false isActivityStackTransparent=false lastNonFullscreenBounds=null capturedLink=null capturedLinkTimestamp=0 requestedVisibleTypes=503 topActivityRequestOpenInBrowserEducationTimestamp=0 appCompatTaskInfo=AppCompatTaskInfo { topActivityInSizeCompat=false isLeafTask= true eligibleForLetterboxEducation= false isLetterboxEducationEnabled= true isLetterboxDoubleTapEnabled= false eligibleForUserAspectRatioButton= false topActivityBoundsLetterboxed= false isFromLetterboxDoubleTap= false topActivityLetterboxVerticalPosition= -1 topActivityLetterboxHorizontalPosition= -1 topActivityLetterboxWidth=-1 topActivityLetterboxHeight=-1 topActivityAppBounds=Rect(0, 0 - 1080, 2337) isUserFullscreenOverrideEnabled=false isSystemFullscreenOverrideEnabled=false hasMinAspectRatioOverride=false topActivityLetterboxBounds=null cameraCompatTaskInfo=CameraCompatTaskInfo { cameraCompatMode=undefinedundefined} topNonResizableActivityAspectRatio=-1.0} topActivityMainWindowFrame=null isAppBubble=false}, pipChange = null, remoteTransition = null, displayChange = null, requestedLocation = null, userChange = null, windowingLayerChange = null, flags = 0, debugId = 57 }
03-11 15:01:39.787   788   809 V WindowManager:     startWCT=WindowContainerTransaction { changes= {} hops= [] errorCallbackToken=null taskFragmentOrganizer=null }
03-11 15:01:39.787   788   809 V WindowManager:     info={id=57 t=OPEN f=0x0 trk=0 r=[0@Point(0, 0)] c=[
03-11 15:01:39.787   788   809 V WindowManager:         {WCT{RemoteToken{375cb7a Task{d6e48d3 #19 type=standard A=10227:com.antigravity.frota2026}}} m=OPEN f=NONE leash=Surface(name=Task=19#579)/@0xd27610f sb=Rect(0, 0 - 1080, 2400) eb=Rect(0, 0 - 1080, 2400) epz=Point(1080, 2400) d=0 taskParent=-1 winMode=1 userId=0},
03-11 15:01:39.787   788   809 V WindowManager:         {WCT{RemoteToken{ace9f92 Task{82c78b5 #1 type=home}}} m=TO_BACK f=SHOW_WALLPAPER leash=Surface(name=Task=1#42)/@0x3cf67e1 sb=Rect(0, 0 - 1080, 2400) eb=Rect(0, 0 - 1080, 2400) epz=Point(1080, 2400) d=0 taskParent=-1 winMode=1 userId=0},
03-11 15:01:39.787   788   809 V WindowManager:         {m=TO_BACK f=IS_WALLPAPER leash=Surface(name=WallpaperWindowToken{a294896}#58)/@0x1402d48 sb=Rect(0, 0 - 1080, 2400) eb=Rect(0, 0 - 1080, 2400) epz=Point(1080, 2400) d=0}
03-11 15:01:39.787   788   809 V WindowManager:     ]}
03-11 15:01:39.787  1040  1515 V WindowManagerShell: onTransitionReady(transaction=3384434233367)
03-11 15:01:39.788  1040  1116 V WindowManagerShell: onTransitionReady (#57) android.os.BinderProxy@c44c6ae: {id=57 t=OPEN f=0x0 trk=0 r=[0@Point(0, 0)] c=[
03-11 15:01:39.788  1040  1116 V WindowManagerShell:         {m=OPEN f=NONE leash=Surface(name=Task=19#579)/@0x8ba6b6a sb=Rect(0, 0 - 1080, 2400) eb=Rect(0, 0 - 1080, 2400) epz=Point(1080, 2400) d=0 taskParent=-1 winMode=1 userId=0},
03-11 15:01:39.788  1040  1116 V WindowManagerShell:         {m=TO_BACK f=SHOW_WALLPAPER leash=Surface(name=Task=1#42)/@0x216385b sb=Rect(0, 0 - 1080, 2400) eb=Rect(0, 0 - 1080, 2400) epz=Point(1080, 2400) d=0 taskParent=-1 winMode=1 userId=0},
03-11 15:01:39.788  1040  1116 V WindowManagerShell:         {m=TO_BACK f=IS_WALLPAPER leash=Surface(name=WallpaperWindowToken{a294896}#58)/@0xa03e8f8 sb=Rect(0, 0 - 1080, 2400) eb=Rect(0, 0 - 1080, 2400) epz=Point(1080, 2400) d=0}
03-11 15:01:39.788  1040  1116 V WindowManagerShell:     ]}
03-11 15:01:39.789  1040  1116 V WindowManagerShell: Playing animation for (#57) android.os.BinderProxy@c44c6ae@0
03-11 15:01:39.789  1040  1116 V ShellRecents: RecentsTransitionHandler.startAnimation: no controller found
03-11 15:01:39.789  1040  1116 V ShellDesktopMode: DesktopMixedTransitionHandler: No pending desktop transition
03-11 15:01:39.789  1040  1116 V WindowManagerShell: Transition doesn't have explicit remote, search filters for match for {id=57 t=OPEN f=0x0 trk=0 r=[0@Point(0, 0)] c=[{m=OPEN f=NONE leash=Surface(name=Task=19#579)/@0x8ba6b6a sb=Rect(0, 0 - 1080, 2400) eb=Rect(0, 0 - 1080, 2400) epz=Point(1080, 2400) d=0 taskParent=-1 winMode=1 userId=0},{m=TO_BACK f=SHOW_WALLPAPER leash=Surface(name=Task=1#42)/@0x216385b sb=Rect(0, 0 - 1080, 2400) eb=Rect(0, 0 - 1080, 2400) epz=Point(1080, 2400) d=0 taskParent=-1 winMode=1 userId=0},{m=TO_BACK f=IS_WALLPAPER leash=Surface(name=WallpaperWindowToken{a294896}#58)/@0xa03e8f8 sb=Rect(0, 0 - 1080, 2400) eb=Rect(0, 0 - 1080, 2400) epz=Point(1080, 2400) d=0}]}
03-11 15:01:39.789  1040  1116 V WindowManagerShell:  Checking filter Pair{{types=[] flags=0x0] notFlags=0x0 checks=[{atype=undefined independent=true modes=[CLOSE,TO_BACK] flags=IN_TASK_WITH_EMBEDDED_ACTIVITY mustBeTask=false order=ANY topActivity=null launchCookie=null taskFragmentToken=android.os.BinderProxy@7233c62 windowingMode=undefined isCrossDisplayMove=false}]} RemoteTransition { remoteTransition = android.window.IRemoteTransition$Stub$Proxy@c32c1f3, appThread = android.app.IApplicationThread$Stub$Proxy@da6ceb0, debugName = overlayBackTransition }}
03-11 15:01:39.789  1040  1116 V WindowManagerShell:  Checking filter Pair{{types=[] flags=0x0] notFlags=0x0 checks=[{atype=dream independent=true modes=[OPEN,TO_FRONT] flags=NONE mustBeTask=false order=ANY topActivity=null launchCookie=null windowingMode=undefined isCrossDisplayMove=false},{atype=home independent=true modes=[CLOSE,TO_BACK] flags=NONE mustBeTask=false order=ANY topActivity=null launchCookie=null windowingMode=undefined isCrossDisplayMove=false}]} RemoteTransition { remoteTransition = android.window.IRemoteTransition$Stub$Proxy@f1fd129, appThread = android.app.IApplicationThread$Stub$Proxy@fcbcae, debugName = LauncherToDream }}
03-11 15:01:39.789  1040  1116 V WindowManagerShell:  Checking filter Pair{{types=[] flags=0x0] notFlags=0x100 checks=[{atype=home independent=true modes=[OPEN,TO_FRONT] flags=NONE mustBeTask=false order=TOP topActivity=ComponentInfo{com.google.android.apps.nexuslauncher/com.google.android.apps.nexuslauncher.NexusLauncherActivity} launchCookie=null windowingMode=undefined isCrossDisplayMove=false},{atype=standard independent=true modes=[CLOSE,TO_BACK] flags=NONE mustBeTask=false order=ANY topActivity=null launchCookie=null windowingMode=undefined isCrossDisplayMove=false},{NOT atype=undefined independent=true modes=[] flags=NONE mustBeTask=true order=ANY topActivity=null launchCookie=null customAnim=true windowingMode=undefined isCrossDisplayMove=false}]} RemoteTransition { remoteTransition = android.window.IRemoteTransition$Stub$Proxy@9ad8a4f, appThread = android.app.IApplicationThread$Stub$Proxy@72225dc, debugName = QuickstepLaunchHome }}
03-11 15:01:39.789  1040  1116 V WindowManagerShell:  Checking filter Pair{{types=[OPEN,TO_FRONT] flags=0x0] notFlags=0x0 checks=[{atype=standard independent=true modes=[OPEN,TO_FRONT] flags=NONE mustBeTask=true order=ANY topActivity=null launchCookie=null windowingMode=freeform isCrossDisplayMove=false}]} RemoteTransition { remoteTransition = android.window.IRemoteTransition$Stub$Proxy@62a98c0, appThread = null, debugName = DesktopWindowLimitUnminimize }}
03-11 15:01:39.789  1040  1116 V WindowManagerShell:  Delegate animation for (#57) to null
03-11 15:01:39.790  1040  1116 V WindowManagerShell: start default transition animation, info = {id=57 t=OPEN f=0x0 trk=0 r=[0@Point(0, 0)] c=[{m=OPEN f=NONE leash=Surface(name=Task=19#579)/@0x8ba6b6a sb=Rect(0, 0 - 1080, 2400) eb=Rect(0, 0 - 1080, 2400) epz=Point(1080, 2400) d=0 taskParent=-1 winMode=1 userId=0},{m=TO_BACK f=SHOW_WALLPAPER leash=Surface(name=Task=1#42)/@0x216385b sb=Rect(0, 0 - 1080, 2400) eb=Rect(0, 0 - 1080, 2400) epz=Point(1080, 2400) d=0 taskParent=-1 winMode=1 userId=0},{m=TO_BACK f=IS_WALLPAPER leash=Surface(name=WallpaperWindowToken{a294896}#58)/@0xa03e8f8 sb=Rect(0, 0 - 1080, 2400) eb=Rect(0, 0 - 1080, 2400) epz=Point(1080, 2400) d=0}]}
03-11 15:01:39.795   788   993 D BackgroundInstallControlService: Package event received: 0
03-11 15:01:39.797  1040  1116 V WindowManagerShell: loadAnimation: anim=android.view.animation.AnimationSet@70a9ca4 animAttr=0x13 type=OPEN isEntrance=false
03-11 15:01:39.798  1040  1116 V WindowManagerShell: loadAnimation: anim=android.view.animation.AnimationSet@5a6df10 animAttr=0x12 type=OPEN isEntrance=true
03-11 15:01:39.799  1040  1116 V WindowManagerShell:  animated by com.android.wm.shell.transition.DefaultTransitionHandler@cff14a8
03-11 15:01:39.799  1040  1116 V ShellTaskOrganizer: Task appeared taskId=19 listener=FullscreenTaskListener
03-11 15:01:39.799  1040  1116 V ShellTaskOrganizer: Fullscreen Task Appeared: #19
03-11 15:01:39.805  1182  1182 D b/417220811: invalidateLoadedTasks - previous requestLoadId: -1
03-11 15:01:39.805  1182  1182 D BaseActivity: Launcher flags updated: [state_started] -[state_window_focused]
03-11 15:01:39.821  7557  7557 D CompatChangeReporter: Compat change id reported: 242716250; UID 10227; state: ENABLED
03-11 15:01:39.831  1182  1182 D b/417220811: invalidateLoadedTasks - previous requestLoadId: -1
03-11 15:01:39.834  7557  7557 D ApplicationLoaders: Returning zygote-cached class loader: /system/framework/org.apache.http.legacy.jar
03-11 15:01:40.117  1040  1116 V WindowManagerShell: Transition animation finished (aborted=false), notifying core (#57) android.os.BinderProxy@c44c6ae@0
03-11 15:01:40.120   788   809 V WindowManager: Finish Transition (#57): created at 03-11 15:01:39.661 collect-started=0.036ms request-sent=5.663ms started=16.97ms ready=114.503ms sent=123.709ms commit=19.911ms finished=458.447ms
03-11 15:01:40.120  1182  1182 D VRI[NexusLauncherActivity]: visibilityChanged oldVisibility=true newVisibility=false
03-11 15:01:40.121  1040  1365 D WallpaperService: onVisibilityChanged(false): com.android.systemui.wallpapers.ImageWallpaper$CanvasEngine@7fc7217
03-11 15:01:40.122  1040  1116 V WindowManagerShell: Track 0 became idle
03-11 15:01:40.123  1040  1116 V WindowManagerShell: All active transition animations finished
03-11 15:01:40.134  1182  1182 D NexusLauncherModelDelegate: notifySmartspaceEvent: SmartspaceTargetEvent{mSmartspaceTarget=null, mSmartspaceActionId='null', mEventType=7}
03-11 15:01:40.136  1040  1116 D Bubbles : onLocusVisibilityChanged=Overview|DISABLED visible=false taskId=1
03-11 15:01:40.176  7557  7557 D nativeloader: Configuring clns-9 for other apk /data/app/~~14gkAoIchKy7I2BNZjoxYw==/com.antigravity.frota2026-lehgP8chqGcE_59Q6XL1OQ==/base.apk. target_sdk_version=34, uses_libraries=, library_path=/data/app/~~14gkAoIchKy7I2BNZjoxYw==/com.antigravity.frota2026-lehgP8chqGcE_59Q6XL1OQ==/lib/x86_64:/data/app/~~14gkAoIchKy7I2BNZjoxYw==/com.antigravity.frota2026-lehgP8chqGcE_59Q6XL1OQ==/base.apk!/lib/x86_64, permitted_path=/data:/mnt/expand:/data/user/0/com.antigravity.frota2026
03-11 15:01:40.194  7557  7557 V GraphicsEnvironment: Currently set values for:
03-11 15:01:40.194  7557  7557 V GraphicsEnvironment:   angle_gl_driver_selection_pkgs=[]
03-11 15:01:40.194  7557  7557 V GraphicsEnvironment:   angle_gl_driver_selection_values=[]
03-11 15:01:40.194  7557  7557 V GraphicsEnvironment: com.antigravity.frota2026 is not listed in per-application setting
03-11 15:01:40.194  7557  7557 V GraphicsEnvironment: ANGLE allowlist from config: com.dreamgames.royalmatch com.dts.freefiremax com.dxx.firenow com.gramgames.mergedragons com.ludo.king com.mojang.minecraftpe com.my.defense com.nintendo.zaka com.os.airforce com.playrix.fishdomdd.gplay io.teslatech.callbreak jp.konami.prospia net.peakgames.toonblast
03-11 15:01:40.194  7557  7557 V GraphicsEnvironment: No special selections for ANGLE, returning default driver choice
03-11 15:01:40.194  7557  7557 V GraphicsEnvironment: Neither updatable production driver nor prerelease driver is supported.
03-11 15:01:40.393  7557  7557 W FirebaseApp: Default FirebaseApp failed to initialize because no default options were found. This usually means that com.google.gms:google-services was not applied to your gradle project.
03-11 15:01:40.393  7557  7557 I FirebaseInitProvider: FirebaseApp initialization unsuccessful
03-11 15:01:40.444  7557  7557 D WM-WrkMgrInitializer: Initializing WorkManager with default configuration.
03-11 15:01:40.482  7557  7572 E ashmem  : Pinning is deprecated since Android Q. Please use trim or other methods.
03-11 15:01:40.485  7557  7557 W SoLoader: Initializing SoLoader: 0
03-11 15:01:40.488  7557  7557 W SoLoader: Recording new base apk path: /data/app/~~14gkAoIchKy7I2BNZjoxYw==/com.antigravity.frota2026-lehgP8chqGcE_59Q6XL1OQ==/base.apk
03-11 15:01:40.488  7557  7557 W SoLoader: Previously recorded 0 base apk paths.
03-11 15:01:40.491  7557  7557 I SoLoader: Preparing SO source: DirectorySoSource[root = /vendor/lib64 flags = 2]
03-11 15:01:40.492  7557  7557 I SoLoader: Preparing SO source: DirectorySoSource[root = /system/lib64 flags = 2]
03-11 15:01:40.492  7557  7557 I SoLoader: Preparing SO source: DirectApkSoSource[root = [/data/app/~~14gkAoIchKy7I2BNZjoxYw==/com.antigravity.frota2026-lehgP8chqGcE_59Q6XL1OQ==/base.apk!/lib/x86_64]]
03-11 15:01:40.524  7557  7557 I SoLoader: Preparing SO source: ApplicationSoSource[DirectorySoSource[root = /data/app/~~14gkAoIchKy7I2BNZjoxYw==/com.antigravity.frota2026-lehgP8chqGcE_59Q6XL1OQ==/lib/x86_64 flags = 0]]
03-11 15:01:40.525  7557  7557 I SoLoader: init finish: 4 SO sources prepared
03-11 15:01:40.525  7557  7557 W SoLoader: SoLoader initialized: 8
03-11 15:01:40.600   788   993 D BackgroundInstallControlService: Package event received: 0
03-11 15:01:40.600   788   993 D BackgroundInstallControlService: Package event received: 0
03-11 15:01:40.608   788  2020 I BroadcastQueue: BOOT_COMPLETED_BROADCAST_COMPLETION_LATENCY_REPORTED action:android.intent.action.BOOT_COMPLETED dispatchLatency:5 completeLatency:815 dispatchRealLatency:5 completeRealLatency:815 receiversSize:1 userId:0 userType:android.os.usertype.full.SYSTEM
03-11 15:01:40.610  7557  7577 I DisplayManager: Choreographer implicitly registered for the refresh rate.
03-11 15:01:40.661  7557  7577 I GFXSTREAM: [eglDisplay.cpp(297)] Opening libGLESv1_CM_emulation.so
03-11 15:01:40.663  7557  7577 I GFXSTREAM: [eglDisplay.cpp(297)] Opening libGLESv2_emulation.so
03-11 15:01:40.695  7557  7557 D DesktopExperienceFlags: Toggle override initialized to: false
03-11 15:01:40.695  7557  7577 W HWUI    : Failed to choose config with EGL_SWAP_BEHAVIOR_PRESERVED, retrying without...
03-11 15:01:40.695  7557  7577 W HWUI    : Failed to initialize 101010-2 format, error = EGL_SUCCESS
03-11 15:01:40.716  7557  7557 D AppCompatDelegate: Checking for metadata for AppLocalesMetadataHolderService : Service not found
03-11 15:01:40.751  7557  7557 D DesktopModeFlags: Toggle override initialized to: OVERRIDE_UNSET
03-11 15:01:40.771  7557  7557 I avity.frota2026: hiddenapi: Accessing hidden method Landroid/view/ViewGroup;->makeOptionalFitsSystemWindows()V (runtime_flags=0, domain=platform, api=unsupported) from Landroidx/appcompat/widget/ViewUtils; (domain=app, TargetSdkVersion=34) using reflection: allowed
03-11 15:01:40.801  7557  7557 I avity.frota2026: hiddenapi: Accessing hidden field Ljava/lang/reflect/Field;->accessFlags:I (runtime_flags=0, domain=core-platform, api=unsupported) from Lexpo/modules/ReactActivityDelegateWrapper; (domain=app, TargetSdkVersion=34) using reflection: allowed
03-11 15:01:40.826  7557  7557 I ExpoDevMenu: Set new dev-menu delegate: class expo.modules.devmenu.DevMenuDefaultDelegate
03-11 15:01:40.845  7557  7557 W SoLoader: SoLoader already initialized
03-11 15:01:40.876  7557  7557 W SoLoader: SoLoader already initialized
03-11 15:01:40.908   788  2020 D CompatChangeReporter: Compat change id reported: 161145287; UID 10227; state: ENABLED
03-11 15:01:40.947  7557  7557 D nativeloader: Load /data/app/~~14gkAoIchKy7I2BNZjoxYw==/com.antigravity.frota2026-lehgP8chqGcE_59Q6XL1OQ==/base.apk!/lib/x86_64/libc++_shared.so using class loader ns clns-9 (caller=/data/app/~~14gkAoIchKy7I2BNZjoxYw==/com.antigravity.frota2026-lehgP8chqGcE_59Q6XL1OQ==/base.apk!classes6.dex): ok
03-11 15:01:40.967  7557  7557 D nativeloader: Load /data/app/~~14gkAoIchKy7I2BNZjoxYw==/com.antigravity.frota2026-lehgP8chqGcE_59Q6XL1OQ==/base.apk!/lib/x86_64/libjsi.so using class loader ns clns-9 (caller=/data/app/~~14gkAoIchKy7I2BNZjoxYw==/com.antigravity.frota2026-lehgP8chqGcE_59Q6XL1OQ==/base.apk!classes6.dex): ok
03-11 15:01:40.976  7557  7557 D nativeloader: Load /data/app/~~14gkAoIchKy7I2BNZjoxYw==/com.antigravity.frota2026-lehgP8chqGcE_59Q6XL1OQ==/base.apk!/lib/x86_64/libfbjni.so using class loader ns clns-9 (caller=/data/app/~~14gkAoIchKy7I2BNZjoxYw==/com.antigravity.frota2026-lehgP8chqGcE_59Q6XL1OQ==/base.apk!classes6.dex): ok
03-11 15:01:41.022  7557  7557 D nativeloader: Load /data/app/~~14gkAoIchKy7I2BNZjoxYw==/com.antigravity.frota2026-lehgP8chqGcE_59Q6XL1OQ==/base.apk!/lib/x86_64/libreactnative.so using class loader ns clns-9 (caller=/data/app/~~14gkAoIchKy7I2BNZjoxYw==/com.antigravity.frota2026-lehgP8chqGcE_59Q6XL1OQ==/base.apk!classes6.dex): ok
03-11 15:01:41.022  7557  7557 D jni_lib_merge: Entering merged library JNI_OnLoad.
03-11 15:01:41.022  7557  7557 D jni_lib_merge: Preparing 12 pre-merged libs (including stub)
03-11 15:01:41.022  7557  7557 D jni_lib_merge: Preparing to register libfabricjni_so.  onload_func: 0x7110aca0c4e0
03-11 15:01:41.022  7557  7557 D jni_lib_merge: Preparing to register libmapbufferjni_so.  onload_func: 0x7110acae75b0
03-11 15:01:41.022  7557  7557 D jni_lib_merge: Preparing to register libreact_devsupportjni_so.  onload_func: 0x7110acc3a050
03-11 15:01:41.022  7557  7557 D jni_lib_merge: Preparing to register libreact_featureflagsjni_so.  onload_func: 0x7110acc45c00
03-11 15:01:41.022  7557  7557 D jni_lib_merge: Preparing to register libreact_newarchdefaults_so.  onload_func: 0x7110accb6b70
03-11 15:01:41.022  7557  7557 D jni_lib_merge: Preparing to register libreactnativeblob_so.  onload_func: 0x7110acec1370
03-11 15:01:41.023  7557  7557 D jni_lib_merge: Preparing to register libreactnativejni_so.  onload_func: 0x7110acf1d660
03-11 15:01:41.023  7557  7557 D jni_lib_merge: Preparing to register librninstance_so.  onload_func: 0x7110acf6adc0
03-11 15:01:41.023  7557  7557 D jni_lib_merge: Preparing to register libturbomodulejsijni_so.  onload_func: 0x7110ad039300
03-11 15:01:41.023  7557  7557 D jni_lib_merge: Preparing to register libuimanagerjni_so.  onload_func: 0x7110ad053ac0
03-11 15:01:41.023  7557  7557 D jni_lib_merge: Preparing to register libyoga_so.  onload_func: 0x7110ad061840
03-11 15:01:41.023  7557  7557 D jni_lib_merge: About to register 11 actual methods.
03-11 15:01:41.058  7557  7557 W HWUI    : Unknown dataspace 0
03-11 15:01:41.075  7557  7557 D VRI[MainActivity]: WindowInsets changed: 1080x2400 statusBars:[0,63,0,0] navigationBars:[0,0,0,63] mandatorySystemGestures:[0,63,0,84] 
03-11 15:01:41.077  7557  7557 D WindowOnBackDispatcher: setTopOnBackInvokedCallback (unwrapped): android.view.ViewRootImpl$$ExternalSyntheticLambda12@fcff3cf
03-11 15:01:41.087   788  1912 D CoreBackPreview: Window{6142085 u0 com.antigravity.frota2026/com.antigravity.frota2026.MainActivity}: Setting back callback OnBackInvokedCallbackInfo{mCallback=android.window.IOnBackInvokedCallback$Stub$Proxy@6262494, mPriority=0, mIsAnimationCallback=false, mOverrideBehavior=0}
03-11 15:01:41.095  7557  7557 I ExpoDevMenu: Set new dev-menu delegate: class expo.modules.devmenu.DevMenuDefaultDelegate
03-11 15:01:41.108   788  1912 V WindowManager: DesktopModeLaunchParamsModifier: phase= 0 task=null activity=null display-area-from-current-params=null display-area-source-process=DefaultTaskDisplayArea@62122993 display-id=0 task-display-area-windowing-mode=1 suggested-display-area=DefaultTaskDisplayArea@62122993 task null, skipping
03-11 15:01:41.108   788  1912 V WindowManager: TaskLaunchParamsModifier:phase=0 task=null activity=null display-area-from-current-params=null display-area-source-process=DefaultTaskDisplayArea@62122993 display-id=0 task-display-area-windowing-mode=1 suggested-display-area=DefaultTaskDisplayArea@62122993
03-11 15:01:41.108   788  1912 V GrammaticalInflectionUtils: AttributionSource: android.content.AttributionSource@ef6af988 does not have READ_SYSTEM_GRAMMATICAL_GENDER permission.
03-11 15:01:41.109   788  1912 V WindowManager: DesktopModeLaunchParamsModifier: phase= 0 task=null activity=ActivityRecord{253539459 u0 com.antigravity.frota2026/.MainActivity display-area-from-current-params=null display-area-for-launching-record=DefaultTaskDisplayArea@62122993 display-id=0 task-display-area-windowing-mode=1 suggested-display-area=DefaultTaskDisplayArea@62122993 task null, skipping
03-11 15:01:41.109   788  1912 V WindowManager: TaskLaunchParamsModifier:phase=0 task=null activity=ActivityRecord{253539459 u0 com.antigravity.frota2026/.MainActivity t-1} display-area-from-current-params=null display-area-for-launching-record=DefaultTaskDisplayArea@62122993 display-id=0 task-display-area-windowing-mode=1 suggested-display-area=DefaultTaskDisplayArea@62122993
03-11 15:01:41.109   788  1912 V WindowManager: DesktopModeLaunchParamsModifier: phase= 3 task=Task{d6e48d3 #19 type=standard A=10227:com.antigravity.frota2026} activity=ActivityRecord{253539459 u0 com.antigravity.frota2026/.MainActivity t-1} display-from-task=0 display-id=0 task-display-area-windowing-mode=1 suggested-display-area=DefaultTaskDisplayArea@62122993 not entering desktop mode, skipping
03-11 15:01:41.110   788  1912 V WindowManager: TaskLaunchParamsModifier:phase=3 task=Task{d6e48d3 #19 type=standard A=10227:com.antigravity.frota2026} activity=ActivityRecord{253539459 u0 com.antigravity.frota2026/.MainActivity t-1} display-from-task=0 display-id=0 task-display-area-windowing-mode=1 suggested-display-area=DefaultTaskDisplayArea@62122993 inherit-from-task=fullscreen non-freeform-task-display-area display-area=DefaultTaskDisplayArea@62122993 skip-bounds-fullscreen
03-11 15:01:41.111   788  1912 V WindowManager: DesktopModeLaunchParamsModifier: phase= 3 task=Task{d6e48d3 #19 type=standard A=10227:com.antigravity.frota2026} activity=ActivityRecord{253539459 u0 com.antigravity.frota2026/.MainActivity t-1} display-from-task=0 display-id=0 task-display-area-windowing-mode=1 suggested-display-area=DefaultTaskDisplayArea@62122993 not entering desktop mode, skipping
03-11 15:01:41.111   788  1912 V WindowManager: TaskLaunchParamsModifier:phase=3 task=Task{d6e48d3 #19 type=standard A=10227:com.antigravity.frota2026} activity=ActivityRecord{253539459 u0 com.antigravity.frota2026/.MainActivity t-1} display-from-task=0 display-id=0 task-display-area-windowing-mode=1 suggested-display-area=DefaultTaskDisplayArea@62122993 inherit-from-task=fullscreen non-freeform-task-display-area display-area=DefaultTaskDisplayArea@62122993 skip-bounds-fullscreen
03-11 15:01:41.112   788  1912 W TransitionChain: Combining AR.finish-clear-task-all into #58(OPEN|R|0x0) from startAct
03-11 15:01:41.117   646  1283 I libbinder.BpBinder: onLastStrongRef automatically unlinking death recipients for descriptor: '(not cached)'
03-11 15:01:41.131   788  1912 V WindowManager: DesktopModeLaunchParamsModifier: phase= 3 task=Task{d6e48d3 #19 type=standard A=10227:com.antigravity.frota2026} activity=ActivityRecord{253539459 u0 com.antigravity.frota2026/.MainActivity t-1} display-from-task=0 display-id=0 task-display-area-windowing-mode=1 suggested-display-area=DefaultTaskDisplayArea@62122993 not entering desktop mode, skipping
03-11 15:01:41.132   788  1912 V WindowManager: TaskLaunchParamsModifier:phase=3 task=Task{d6e48d3 #19 type=standard A=10227:com.antigravity.frota2026} activity=ActivityRecord{253539459 u0 com.antigravity.frota2026/.MainActivity t-1} display-from-task=0 display-id=0 task-display-area-windowing-mode=1 suggested-display-area=DefaultTaskDisplayArea@62122993 inherit-from-task=fullscreen non-freeform-task-display-area display-area=DefaultTaskDisplayArea@62122993 skip-bounds-fullscreen
